Archive member included to satisfy reference by file (symbol)

/usr/lib/gcc/arm-none-eabi/13.2.1/thumb/v6-m/nofp/libgcc.a(_dvmd_tls.o)
                              CMakeFiles/dummy.dir/home/kiso/Documents/raspberrypi/pico-sdk/src/rp2_common/pico_divider/divider_hardware.S.o (__aeabi_idiv0)
/usr/lib/gcc/arm-none-eabi/13.2.1/../../../arm-none-eabi/lib/thumb/v6-m/nofp/libg.a(libc_a-calloc.o)
                              CMakeFiles/dummy.dir/home/kiso/Documents/raspberrypi/pico-sdk/src/rp2_common/pico_malloc/malloc.c.o (calloc)
/usr/lib/gcc/arm-none-eabi/13.2.1/../../../arm-none-eabi/lib/thumb/v6-m/nofp/libg.a(libc_a-impure.o)
                              /usr/lib/gcc/arm-none-eabi/13.2.1/../../../arm-none-eabi/lib/thumb/v6-m/nofp/libg.a(libc_a-calloc.o) (_impure_ptr)
/usr/lib/gcc/arm-none-eabi/13.2.1/../../../arm-none-eabi/lib/thumb/v6-m/nofp/libg.a(libc_a-callocr.o)
                              /usr/lib/gcc/arm-none-eabi/13.2.1/../../../arm-none-eabi/lib/thumb/v6-m/nofp/libg.a(libc_a-calloc.o) (_calloc_r)
/usr/lib/gcc/arm-none-eabi/13.2.1/../../../arm-none-eabi/lib/thumb/v6-m/nofp/libg.a(libc_a-realloc.o)
                              CMakeFiles/dummy.dir/home/kiso/Documents/raspberrypi/pico-sdk/src/rp2_common/pico_malloc/malloc.c.o (realloc)
/usr/lib/gcc/arm-none-eabi/13.2.1/../../../arm-none-eabi/lib/thumb/v6-m/nofp/libg.a(libc_a-mallocr.o)
                              /usr/lib/gcc/arm-none-eabi/13.2.1/../../../arm-none-eabi/lib/thumb/v6-m/nofp/libg.a(libc_a-callocr.o) (_malloc_r)
/usr/lib/gcc/arm-none-eabi/13.2.1/../../../arm-none-eabi/lib/thumb/v6-m/nofp/libg.a(libc_a-freer.o)
                              /usr/lib/gcc/arm-none-eabi/13.2.1/../../../arm-none-eabi/lib/thumb/v6-m/nofp/libg.a(libc_a-mallocr.o) (_free_r)
/usr/lib/gcc/arm-none-eabi/13.2.1/../../../arm-none-eabi/lib/thumb/v6-m/nofp/libg.a(libc_a-memcmp.o)
                              CMakeFiles/dummy.dir/home/kiso/Documents/raspberrypi/pico-sdk/src/rp2_common/pico_atomic/atomic.c.o (memcmp)
/usr/lib/gcc/arm-none-eabi/13.2.1/../../../arm-none-eabi/lib/thumb/v6-m/nofp/libg.a(libc_a-malloc.o)
                              CMakeFiles/dummy.dir/home/kiso/Documents/raspberrypi/pico-sdk/src/rp2_common/pico_malloc/malloc.c.o (malloc)
/usr/lib/gcc/arm-none-eabi/13.2.1/../../../arm-none-eabi/lib/thumb/v6-m/nofp/libg.a(libc_a-sysconf.o)
                              /usr/lib/gcc/arm-none-eabi/13.2.1/../../../arm-none-eabi/lib/thumb/v6-m/nofp/libg.a(libc_a-mallocr.o) (sysconf)
/usr/lib/gcc/arm-none-eabi/13.2.1/../../../arm-none-eabi/lib/thumb/v6-m/nofp/libg.a(libc_a-init.o)
                              /usr/lib/gcc/arm-none-eabi/13.2.1/../../../arm-none-eabi/lib/thumb/v6-m/nofp/crt0.o (__libc_init_array)
/usr/lib/gcc/arm-none-eabi/13.2.1/../../../arm-none-eabi/lib/thumb/v6-m/nofp/libg.a(libc_a-reallocr.o)
                              /usr/lib/gcc/arm-none-eabi/13.2.1/../../../arm-none-eabi/lib/thumb/v6-m/nofp/libg.a(libc_a-realloc.o) (_realloc_r)
/usr/lib/gcc/arm-none-eabi/13.2.1/../../../arm-none-eabi/lib/thumb/v6-m/nofp/libg.a(libc_a-mktime.o)
                              CMakeFiles/dummy.dir/home/kiso/Documents/raspberrypi/pico-sdk/src/common/pico_util/datetime.c.o (mktime)
/usr/lib/gcc/arm-none-eabi/13.2.1/../../../arm-none-eabi/lib/thumb/v6-m/nofp/libg.a(libc_a-mlock.o)
                              /usr/lib/gcc/arm-none-eabi/13.2.1/../../../arm-none-eabi/lib/thumb/v6-m/nofp/libg.a(libc_a-mallocr.o) (__malloc_lock)
/usr/lib/gcc/arm-none-eabi/13.2.1/../../../arm-none-eabi/lib/thumb/v6-m/nofp/libg.a(libc_a-findfp.o)
                              /usr/lib/gcc/arm-none-eabi/13.2.1/../../../arm-none-eabi/lib/thumb/v6-m/nofp/libg.a(libc_a-impure.o) (__sf)
/usr/lib/gcc/arm-none-eabi/13.2.1/../../../arm-none-eabi/lib/thumb/v6-m/nofp/libg.a(libc_a-tzlock.o)
                              /usr/lib/gcc/arm-none-eabi/13.2.1/../../../arm-none-eabi/lib/thumb/v6-m/nofp/libg.a(libc_a-mktime.o) (__tz_lock)
/usr/lib/gcc/arm-none-eabi/13.2.1/../../../arm-none-eabi/lib/thumb/v6-m/nofp/libg.a(libc_a-atexit.o)
                              /usr/lib/gcc/arm-none-eabi/13.2.1/../../../arm-none-eabi/lib/thumb/v6-m/nofp/crt0.o (atexit)
/usr/lib/gcc/arm-none-eabi/13.2.1/../../../arm-none-eabi/lib/thumb/v6-m/nofp/libg.a(libc_a-lcltime_r.o)
                              CMakeFiles/dummy.dir/home/kiso/Documents/raspberrypi/pico-sdk/src/common/pico_util/datetime.c.o (localtime_r)
/usr/lib/gcc/arm-none-eabi/13.2.1/../../../arm-none-eabi/lib/thumb/v6-m/nofp/libg.a(libc_a-strlen-stub.o)
                              CMakeFiles/dummy.dir/home/kiso/Documents/raspberrypi/pico-sdk/src/rp2_common/pico_stdio/stdio.c.o (strlen)
/usr/lib/gcc/arm-none-eabi/13.2.1/../../../arm-none-eabi/lib/thumb/v6-m/nofp/libg.a(libc_a-sbrkr.o)
                              /usr/lib/gcc/arm-none-eabi/13.2.1/../../../arm-none-eabi/lib/thumb/v6-m/nofp/libg.a(libc_a-mallocr.o) (_sbrk_r)
/usr/lib/gcc/arm-none-eabi/13.2.1/../../../arm-none-eabi/lib/thumb/v6-m/nofp/libg.a(libc_a-fini.o)
[...]
Memory Configuration

Name             Origin             Length             Attributes
FLASH            0x10000000         0x00200000         xr
RAM              0x20000000         0x00040000         xrw
SCRATCH_X        0x20040000         0x00001000         xrw
SCRATCH_Y        0x20041000         0x00001000         xrw
*default*        0x00000000         0xffffffff

Linker script and memory map

LOAD /usr/lib/gcc/arm-none-eabi/13.2.1/thumb/v6-m/nofp/crti.o
LOAD /usr/lib/gcc/arm-none-eabi/13.2.1/thumb/v6-m/nofp/crtbegin.o
LOAD /usr/lib/gcc/arm-none-eabi/13.2.1/../../../arm-none-eabi/lib/thumb/v6-m/nofp/crt0.o

.flash_begin    0x10000000        0x0
                0x10000000                        __flash_binary_start = .

.boot2          0x10000000      0x100
                0x10000000                        __boot2_start__ = .
 *(.boot2)
 .boot2         0x10000000      0x100 pico-sdk/src/rp2040/boot_stage2/CMakeFiles/bs2_default_library.dir/bs2_default_padded_checksummed.S.o
                0x10000100                        __boot2_end__ = .
                0x00000001                        ASSERT (((__boot2_end__ - __boot2_start__) == 0x100), ERROR: Pico second stage bootloader must be 256 bytes in size)

.text           0x10000100     0x236c
                0x10000100                        __logical_binary_start = .
 *(.vectors)
 .vectors       0x10000100       0xd4 CMakeFiles/dummy.dir/home/kiso/Documents/raspberrypi/pico-sdk/src/rp2_common/pico_crt0/crt0.S.o
                0x10000100                __vectors
                0x10000100                __VECTOR_TABLE
                0x100001c0                isr_irq30
                0x100001c0                __unhandled_user_irq
                0x100001c0                isr_irq13
                0x100001c0                isr_irq27
                0x100001c0                isr_irq31
                0x100001c0                isr_irq5
                0x100001c0                isr_irq11
                0x100001c0                isr_irq23
                0x100001c0                isr_irq18
                0x100001c0                isr_irq28
                0x100001c0                isr_irq19
                0x100001c0                isr_irq0
                0x100001c0                isr_irq6
                0x100001c0                isr_irq22
                0x100001c0                isr_irq17
                0x100001c0                isr_irq14
                0x100001c0                __vectors_end
                0x100001c0                __default_isrs_start
                0x100001c0                isr_irq2
                0x100001c0                isr_irq10
                0x100001c0                isr_irq8
                0x100001c0                isr_irq24
                0x100001c0                isr_irq1
                0x100001c0                isr_irq7
                0x100001c0                isr_irq21
                0x100001c0                isr_irq20
                0x100001c0                isr_irq15
                0x100001c0                isr_irq25
                0x100001c0                isr_irq4
                0x100001c0                isr_irq16
                0x100001c0                isr_irq29
                0x100001c0                isr_irq26
                0x100001c0                isr_irq3
                0x100001c0                isr_irq12
                0x100001c0                isr_irq9
                0x100001c6                unhandled_user_irq_num_in_r0
                0x100001c8                isr_invalid
                0x100001ca                isr_nmi
                0x100001cc                isr_hardfault
                0x100001ce                isr_svcall
                0x100001d0                isr_pendsv
                0x100001d2                isr_systick
                0x100001d4                __default_isrs_end
 *(.binary_info_header)
 .binary_info_header
                0x100001d4       0x14 CMakeFiles/dummy.dir/home/kiso/Documents/raspberrypi/pico-sdk/src/rp2_common/pico_crt0/crt0.S.o
                0x100001e8                        __binary_info_header_end = .
 *(.embedded_block)
                0x100001e8                        __embedded_block_end = .
 *(.reset)
 .reset         0x100001e8       0x9c CMakeFiles/dummy.dir/home/kiso/Documents/raspberrypi/pico-sdk/src/rp2_common/pico_crt0/crt0.S.o
                0x100001e8                _entry_point
 *(.init)
 .init          0x10000284        0x4 /usr/lib/gcc/arm-none-eabi/13.2.1/thumb/v6-m/nofp/crti.o
                0x10000284                _init
 *(EXCLUDE_FILE(*libm.a: *libc.a:*lib_a-mem*.o *libgcc.a:) .text*)
 .text          0x10000288       0x98 /usr/lib/gcc/arm-none-eabi/13.2.1/thumb/v6-m/nofp/crtbegin.o
 .text.startup.main
                0x10000320      0x1c4 CMakeFiles/dummy.dir/dummy.c.o
                0x10000320                main
 .text.gpio_set_function
                0x100004e4       0x34 CMakeFiles/dummy.dir/home/kiso/Documents/raspberrypi/pico-sdk/src/rp2_common/hardware_gpio/gpio.c.o
                0x100004e4                gpio_set_function
 .text.gpio_set_pulls
                0x10000518       0x28 CMakeFiles/dummy.dir/home/kiso/Documents/raspberrypi/pico-sdk/src/rp2_common/hardware_gpio/gpio.c.o
                0x10000518                gpio_set_pulls
 .text.gpio_init
                0x10000540       0x40 CMakeFiles/dummy.dir/home/kiso/Documents/raspberrypi/pico-sdk/src/rp2_common/hardware_gpio/gpio.c.o
                0x10000540                gpio_init
 .text.panic    0x10000580       0x30 CMakeFiles/dummy.dir/home/kiso/Documents/raspberrypi/pico-sdk/src/rp2_common/pico_platform_panic/panic.c.o
                0x10000580                panic
 .text.hw_claim_lock
                0x100005b0       0x18 CMakeFiles/dummy.dir/home/kiso/Documents/raspberrypi/pico-sdk/src/common/hardware_claim/claim.c.o
                0x100005b0                hw_claim_lock
 .text.hw_claim_unlock
                0x100005c8       0x14 CMakeFiles/dummy.dir/home/kiso/Documents/raspberrypi/pico-sdk/src/common/hardware_claim/claim.c.o
                0x100005c8                hw_claim_unlock
 .text.hw_claim_or_assert
                0x100005dc       0x44 CMakeFiles/dummy.dir/home/kiso/Documents/raspberrypi/pico-sdk/src/common/hardware_claim/claim.c.o
                0x100005dc                hw_claim_or_assert
 .text.hw_claim_unused_from_range
                0x10000620       0x9c CMakeFiles/dummy.dir/home/kiso/Documents/raspberrypi/pico-sdk/src/common/hardware_claim/claim.c.o
                0x10000620                hw_claim_unused_from_range
 .text.hw_claim_clear
                0x100006bc       0x38 CMakeFiles/dummy.dir/home/kiso/Documents/raspberrypi/pico-sdk/src/common/hardware_claim/claim.c.o
                0x100006bc                hw_claim_clear
 .text.next_striped_spin_lock_num
                0x100006f4       0x18 CMakeFiles/dummy.dir/home/kiso/Documents/raspberrypi/pico-sdk/src/rp2_common/hardware_sync/sync.c.o
                0x100006f4                next_striped_spin_lock_num
 .text.spin_locks_reset
                0x1000070c       0x1c CMakeFiles/dummy.dir/home/kiso/Documents/raspberrypi/pico-sdk/src/rp2_common/hardware_sync_spin_lock/sync_spin_lock.c.o
                0x1000070c                spin_locks_reset
 .text.runtime_init_per_core_irq_priorities
                0x10000728       0x24 CMakeFiles/dummy.dir/home/kiso/Documents/raspberrypi/pico-sdk/src/rp2_common/hardware_irq/irq.c.o
                0x10000728                runtime_init_per_core_irq_priorities
 .text.irq_set_enabled
                0x1000074c       0x24 CMakeFiles/dummy.dir/home/kiso/Documents/raspberrypi/pico-sdk/src/rp2_common/hardware_irq/irq.c.o
                0x1000074c                irq_set_enabled
 .text.irq_set_exclusive_handler
                0x10000770       0x54 CMakeFiles/dummy.dir/home/kiso/Documents/raspberrypi/pico-sdk/src/rp2_common/hardware_irq/irq.c.o
                0x10000770                irq_set_exclusive_handler
 .text.irq_remove_handler
                0x100007c4      0x1d4 CMakeFiles/dummy.dir/home/kiso/Documents/raspberrypi/pico-sdk/src/rp2_common/hardware_irq/irq.c.o
                0x100007c4                irq_remove_handler
 .text.irq_add_tail_to_free_list
                0x10000998       0xb4 CMakeFiles/dummy.dir/home/kiso/Documents/raspberrypi/pico-sdk/src/rp2_common/hardware_irq/irq.c.o
                0x10000998                irq_add_tail_to_free_list
 .text.lock_init
                0x10000a4c       0x10 CMakeFiles/dummy.dir/home/kiso/Documents/raspberrypi/pico-sdk/src/common/pico_sync/lock_core.c.o
                0x10000a4c                lock_init
 .text.runtime_init_mutex
                0x10000a5c       0x50 CMakeFiles/dummy.dir/home/kiso/Documents/raspberrypi/pico-sdk/src/common/pico_sync/mutex.c.o
                0x10000a5c                runtime_init_mutex
 .text.sleep_until_callback
                0x10000aac       0x30 CMakeFiles/dummy.dir/home/kiso/Documents/raspberrypi/pico-sdk/src/common/pico_time/time.c.o
 .text.alarm_pool_irq_handler
                0x10000adc      0x2fc CMakeFiles/dummy.dir/home/kiso/Documents/raspberrypi/pico-sdk/src/common/pico_time/time.c.o
 .text.runtime_init_default_alarm_pool
                0x10000dd8       0xdc CMakeFiles/dummy.dir/home/kiso/Documents/raspberrypi/pico-sdk/src/common/pico_time/time.c.o
                0x10000dd8                runtime_init_default_alarm_pool
 .text.alarm_pool_add_alarm_at_force_in_context
                0x10000eb4       0xb0 CMakeFiles/dummy.dir/home/kiso/Documents/raspberrypi/pico-sdk/src/common/pico_time/time.c.o
                0x10000eb4                alarm_pool_add_alarm_at_force_in_context
 .text.alarm_pool_cancel_alarm
                0x10000f64       0x74 CMakeFiles/dummy.dir/home/kiso/Documents/raspberrypi/pico-sdk/src/common/pico_time/time.c.o
                0x10000f64                alarm_pool_cancel_alarm
 .text.sleep_until
                0x10000fd8       0xd8 CMakeFiles/dummy.dir/home/kiso/Documents/raspberrypi/pico-sdk/src/common/pico_time/time.c.o
                0x10000fd8                sleep_until
 .text.sleep_us
                0x100010b0       0x28 CMakeFiles/dummy.dir/home/kiso/Documents/raspberrypi/pico-sdk/src/common/pico_time/time.c.o
                0x100010b0                sleep_us
 .text.best_effort_wfe_or_timeout
                0x100010d8       0xf8 CMakeFiles/dummy.dir/home/kiso/Documents/raspberrypi/pico-sdk/src/common/pico_time/time.c.o
                0x100010d8                best_effort_wfe_or_timeout
 .text.timer_hardware_alarm_claim
                0x100011d0       0x14 CMakeFiles/dummy.dir/home/kiso/Documents/raspberrypi/pico-sdk/src/rp2_common/hardware_timer/timer.c.o
                0x100011d0                timer_hardware_alarm_claim
 .text.timer_time_us_64
                0x100011e4       0x10 CMakeFiles/dummy.dir/home/kiso/Documents/raspberrypi/pico-sdk/src/rp2_common/hardware_timer/timer.c.o
                0x100011e4                timer_time_us_64
 .text.time_us_64
                0x100011f4       0x14 CMakeFiles/dummy.dir/home/kiso/Documents/raspberrypi/pico-sdk/src/rp2_common/hardware_timer/timer.c.o
                0x100011f4                time_us_64
 .text.busy_wait_us
                0x10001208       0x68 CMakeFiles/dummy.dir/home/kiso/Documents/raspberrypi/pico-sdk/src/rp2_common/hardware_timer/timer.c.o
                0x10001208                busy_wait_us
 .text.busy_wait_until
                0x10001270       0x20 CMakeFiles/dummy.dir/home/kiso/Documents/raspberrypi/pico-sdk/src/rp2_common/hardware_timer/timer.c.o
                0x10001270                busy_wait_until
 .text.uart_init
                0x10001290      0x120 CMakeFiles/dummy.dir/home/kiso/Documents/raspberrypi/pico-sdk/src/rp2_common/hardware_uart/uart.c.o
                0x10001290                uart_init
 .text.clock_configure_int_divider
                0x100013b0       0xf4 CMakeFiles/dummy.dir/home/kiso/Documents/raspberrypi/pico-sdk/src/rp2_common/hardware_clocks/clocks.c.o
                0x100013b0                clock_configure_int_divider
 .text.clock_configure_undivided
                0x100014a4       0xe8 CMakeFiles/dummy.dir/home/kiso/Documents/raspberrypi/pico-sdk/src/rp2_common/hardware_clocks/clocks.c.o
                0x100014a4                clock_configure_undivided
 .text.clock_get_hz
                0x1000158c        0xc CMakeFiles/dummy.dir/home/kiso/Documents/raspberrypi/pico-sdk/src/rp2_common/hardware_clocks/clocks.c.o
                0x1000158c                clock_get_hz
 .text.pll_init
                0x10001598       0xa4 CMakeFiles/dummy.dir/home/kiso/Documents/raspberrypi/pico-sdk/src/rp2_common/hardware_pll/pll.c.o
                0x10001598                pll_init
 .text.tick_start
                0x1000163c       0x10 CMakeFiles/dummy.dir/home/kiso/Documents/raspberrypi/pico-sdk/src/rp2_common/hardware_ticks/ticks.c.o
                0x1000163c                tick_start
 .text.rom_func_lookup
                0x1000164c       0x10 CMakeFiles/dummy.dir/home/kiso/Documents/raspberrypi/pico-sdk/src/rp2_common/pico_bootrom/bootrom.c.o
                0x1000164c                rom_func_lookup
 .text.rom_data_lookup
                0x1000165c       0x10 CMakeFiles/dummy.dir/home/kiso/Documents/raspberrypi/pico-sdk/src/rp2_common/pico_bootrom/bootrom.c.o
                0x1000165c                rom_data_lookup
 .text.rom_funcs_lookup
                0x1000166c       0x44 CMakeFiles/dummy.dir/home/kiso/Documents/raspberrypi/pico-sdk/src/rp2_common/pico_bootrom/bootrom.c.o
                0x1000166c                rom_funcs_lookup
 .text.xosc_init
                0x100016b0       0x28 CMakeFiles/dummy.dir/home/kiso/Documents/raspberrypi/pico-sdk/src/rp2_common/hardware_xosc/xosc.c.o
                0x100016b0                xosc_init
 .text.first_per_core_initializer
                0x100016d8        0x4 CMakeFiles/dummy.dir/home/kiso/Documents/raspberrypi/pico-sdk/src/rp2_common/pico_runtime/runtime.c.o
 .text.hard_assertion_failure
                0x100016dc        0xc CMakeFiles/dummy.dir/home/kiso/Documents/raspberrypi/pico-sdk/src/rp2_common/pico_runtime/runtime.c.o
                0x100016dc                hard_assertion_failure
 .text.runtime_run_initializers
                0x100016e8       0x28 CMakeFiles/dummy.dir/home/kiso/Documents/raspberrypi/pico-sdk/src/rp2_common/pico_runtime/runtime.c.o
                0x100016e8                runtime_run_initializers
 .text.runtime_init_early_resets
                0x10001710       0x2c CMakeFiles/dummy.dir/home/kiso/Documents/raspberrypi/pico-sdk/src/rp2_common/pico_runtime_init/runtime_init.c.o
                0x10001710                runtime_init_early_resets
 .text.runtime_init_usb_power_down
                0x1000173c       0x1c CMakeFiles/dummy.dir/home/kiso/Documents/raspberrypi/pico-sdk/src/rp2_common/pico_runtime_init/runtime_init.c.o
                0x1000173c                runtime_init_usb_power_down
 .text.runtime_init_post_clock_resets
                0x10001758       0x20 CMakeFiles/dummy.dir/home/kiso/Documents/raspberrypi/pico-sdk/src/rp2_common/pico_runtime_init/runtime_init.c.o
                0x10001758                runtime_init_post_clock_resets
 .text.runtime_init_rp2040_gpio_ie_disable
                0x10001778       0x14 CMakeFiles/dummy.dir/home/kiso/Documents/raspberrypi/pico-sdk/src/rp2_common/pico_runtime_init/runtime_init.c.o
                0x10001778                runtime_init_rp2040_gpio_ie_disable
 .text.runtime_init_spin_locks_reset
                0x1000178c        0x8 CMakeFiles/dummy.dir/home/kiso/Documents/raspberrypi/pico-sdk/src/rp2_common/pico_runtime_init/runtime_init.c.o
                0x1000178c                runtime_init_spin_locks_reset
 .text.runtime_init_install_ram_vector_table
                0x10001794       0xb4 CMakeFiles/dummy.dir/home/kiso/Documents/raspberrypi/pico-sdk/src/rp2_common/pico_runtime_init/runtime_init.c.o
                0x10001794                runtime_init_install_ram_vector_table
 .text.runtime_init_clocks
                0x10001848       0xd8 CMakeFiles/dummy.dir/home/kiso/Documents/raspberrypi/pico-sdk/src/rp2_common/pico_runtime_init/runtime_init_clocks.c.o
                0x10001848                runtime_init_clocks
 .text          0x10001920       0x10 CMakeFiles/dummy.dir/home/kiso/Documents/raspberrypi/pico-sdk/src/rp2_common/pico_bit_ops/bit_ops_aeabi.S.o
 .text.__wrap___aeabi_uidiv
                0x10001930       0x4c CMakeFiles/dummy.dir/home/kiso/Documents/raspberrypi/pico-sdk/src/rp2_common/pico_divider/divider_hardware.S.o
                0x10001930                __wrap___aeabi_uidiv
                0x10001930                __wrap___aeabi_uidivmod
                0x10001930                div_u32u32
                0x10001930                divmod_u32u32
                0x10001938                divmod_u32u32_unsafe
                0x10001960                divmod_u32u32_savestate
 .text.missing_double_func_shim
                0x1000197c        0xc CMakeFiles/dummy.dir/home/kiso/Documents/raspberrypi/pico-sdk/src/rp2_common/pico_double/double_init_rom_rp2040.c.o
 .text.__aeabi_double_init
                0x10001988       0xa0 CMakeFiles/dummy.dir/home/kiso/Documents/raspberrypi/pico-sdk/src/rp2_common/pico_double/double_init_rom_rp2040.c.o
                0x10001988                __aeabi_double_init
 .text.double_table_shim_on_use_helper
                0x10001a28       0x2c CMakeFiles/dummy.dir/home/kiso/Documents/raspberrypi/pico-sdk/src/rp2_common/pico_double/double_v1_rom_shim_rp2040.S.o
                0x10001a28                double_table_shim_on_use_helper
 .text.missing_float_func_shim
                0x10001a54        0xc CMakeFiles/dummy.dir/home/kiso/Documents/raspberrypi/pico-sdk/src/rp2_common/pico_float/float_init_rom_rp2040.c.o
 .text.__aeabi_float_init
                0x10001a60       0x5c CMakeFiles/dummy.dir/home/kiso/Documents/raspberrypi/pico-sdk/src/rp2_common/pico_float/float_init_rom_rp2040.c.o
                0x10001a60                __aeabi_float_init
 .text          0x10001abc       0x10 CMakeFiles/dummy.dir/home/kiso/Documents/raspberrypi/pico-sdk/src/rp2_common/pico_mem_ops/mem_ops_aeabi.S.o
                0x10001abc                __aeabi_mem_init
 .text.memcpy   0x10001acc        0xc CMakeFiles/dummy.dir/home/kiso/Documents/raspberrypi/pico-sdk/src/rp2_common/pico_mem_ops/mem_ops_aeabi.S.o
                0x10001acc                __wrap___aeabi_memcpy
                0x10001acc                __wrap_memcpy
 .text._out_char
                0x10001ad8       0x10 CMakeFiles/dummy.dir/home/kiso/Documents/raspberrypi/pico-sdk/src/rp2_common/pico_printf/printf.c.o
 .text.weak_raw_vprintf
                0x10001ae8       0x30 CMakeFiles/dummy.dir/home/kiso/Documents/raspberrypi/pico-sdk/src/rp2_common/pico_printf/printf.c.o
                0x10001ae8                weak_raw_vprintf
 .text._exit    0x10001b18        0x4 CMakeFiles/dummy.dir/home/kiso/Documents/raspberrypi/pico-sdk/src/rp2_common/pico_clib_interface/newlib_interface.c.o
                0x10001b18                _exit
 .text.exit     0x10001b1c        0x8 CMakeFiles/dummy.dir/home/kiso/Documents/raspberrypi/pico-sdk/src/rp2_common/pico_clib_interface/newlib_interface.c.o
                0x10001b1c                exit
 .text.runtime_init
                0x10001b24       0x2c CMakeFiles/dummy.dir/home/kiso/Documents/raspberrypi/pico-sdk/src/rp2_common/pico_clib_interface/newlib_interface.c.o
                0x10001b24                runtime_init
 .text.stdio_out_chars_no_crlf
                0x10001b50       0x10 CMakeFiles/dummy.dir/home/kiso/Documents/raspberrypi/pico-sdk/src/rp2_common/pico_stdio/stdio.c.o
 .text.stdio_out_chars_crlf
                0x10001b60       0x94 CMakeFiles/dummy.dir/home/kiso/Documents/raspberrypi/pico-sdk/src/rp2_common/pico_stdio/stdio.c.o
 .text.stdio_put_string
                0x10001bf4      0x100 CMakeFiles/dummy.dir/home/kiso/Documents/raspberrypi/pico-sdk/src/rp2_common/pico_stdio/stdio.c.o
                0x10001bf4                stdio_put_string
 .text.stdio_set_driver_enabled
                0x10001cf4       0x30 CMakeFiles/dummy.dir/home/kiso/Documents/raspberrypi/pico-sdk/src/rp2_common/pico_stdio/stdio.c.o
                0x10001cf4                stdio_set_driver_enabled
 .text.stdio_init_all
                0x10001d24        0xc CMakeFiles/dummy.dir/home/kiso/Documents/raspberrypi/pico-sdk/src/rp2_common/pico_stdio/stdio.c.o
                0x10001d24                stdio_init_all
 .text.__wrap_putchar
                0x10001d30       0x98 CMakeFiles/dummy.dir/home/kiso/Documents/raspberrypi/pico-sdk/src/rp2_common/pico_stdio/stdio.c.o
                0x10001d30                stdio_putchar
                0x10001d30                __wrap_putchar
 .text.__wrap_puts
                0x10001dc8       0x3c CMakeFiles/dummy.dir/home/kiso/Documents/raspberrypi/pico-sdk/src/rp2_common/pico_stdio/stdio.c.o
                0x10001dc8                __wrap_puts
                0x10001dc8                stdio_puts
 .text.stdio_uart_out_chars
                0x10001e04       0x4c CMakeFiles/dummy.dir/home/kiso/Documents/raspberrypi/pico-sdk/src/rp2_common/pico_stdio_uart/stdio_uart.c.o
 .text.stdio_uart_in_chars
                0x10001e50       0x90 CMakeFiles/dummy.dir/home/kiso/Documents/raspberrypi/pico-sdk/src/rp2_common/pico_stdio_uart/stdio_uart.c.o
                0x10001e50                stdio_uart_in_chars
 .text.on_uart_rx
                0x10001ee0       0x28 CMakeFiles/dummy.dir/home/kiso/Documents/raspberrypi/pico-sdk/src/rp2_common/pico_stdio_uart/stdio_uart.c.o
 .text.stdio_uart_out_flush
                0x10001f08       0x14 CMakeFiles/dummy.dir/home/kiso/Documents/raspberrypi/pico-sdk/src/rp2_common/pico_stdio_uart/stdio_uart.c.o
 .text.stdio_uart_set_chars_available_callback
                0x10001f1c       0x84 CMakeFiles/dummy.dir/home/kiso/Documents/raspberrypi/pico-sdk/src/rp2_common/pico_stdio_uart/stdio_uart.c.o
 .text.stdio_uart_init
                0x10001fa0       0x50 CMakeFiles/dummy.dir/home/kiso/Documents/raspberrypi/pico-sdk/src/rp2_common/pico_stdio_uart/stdio_uart.c.o
                0x10001fa0                stdio_uart_init
 .text.pio_sm_set_consecutive_pindirs
                0x10001ff0       0xb4 CMakeFiles/dummy.dir/home/kiso/Documents/raspberrypi/pico-sdk/src/rp2_common/hardware_pio/pio.c.o
                0x10001ff0                pio_sm_set_consecutive_pindirs
 .text.pio_sm_init
                0x100020a4       0x9c CMakeFiles/dummy.dir/home/kiso/Documents/raspberrypi/pico-sdk/src/rp2_common/hardware_pio/pio.c.o
                0x100020a4                pio_sm_init
 .text.pio_claim_free_sm_and_add_program_for_gpio_range
                0x10002140      0x18c CMakeFiles/dummy.dir/home/kiso/Documents/raspberrypi/pico-sdk/src/rp2_common/hardware_pio/pio.c.o
                0x10002140                pio_claim_free_sm_and_add_program_for_gpio_range
 .text          0x100022cc       0x10 /usr/lib/gcc/arm-none-eabi/13.2.1/../../../arm-none-eabi/lib/thumb/v6-m/nofp/libg.a(libc_a-atexit.o)
                0x100022cc                atexit
 .text          0x100022dc       0x5c /usr/lib/gcc/arm-none-eabi/13.2.1/../../../arm-none-eabi/lib/thumb/v6-m/nofp/libg.a(libc_a-strlen-stub.o)
                0x100022dc                strlen
 .text          0x10002338       0x28 /usr/lib/gcc/arm-none-eabi/13.2.1/../../../arm-none-eabi/lib/thumb/v6-m/nofp/libg.a(libc_a-fini.o)
                0x10002338                __libc_fini_array
 .text          0x10002360       0x78 /usr/lib/gcc/arm-none-eabi/13.2.1/../../../arm-none-eabi/lib/thumb/v6-m/nofp/libg.a(libc_a-__atexit.o)
                0x10002360                __register_exitproc
 .text.startup  0x100023d8       0x18 /usr/lib/gcc/arm-none-eabi/13.2.1/../../../arm-none-eabi/lib/thumb/v6-m/nofp/libg.a(libc_a-__call_atexit.o)
 *(.fini)
 .fini          0x100023f0        0x4 /usr/lib/gcc/arm-none-eabi/13.2.1/thumb/v6-m/nofp/crti.o
                0x100023f0                _fini
 *fill*         0x100023f4        0x4 
 .fini.__stub   0x100023f8       0x30 linker stubs
 *crtbegin.o(.ctors)
 *crtbegin?.o(.ctors)
 *(EXCLUDE_FILE(*crtend.o *crtend?.o) .ctors)
 *(SORT_BY_NAME(.ctors.*))
 *(.ctors)
 *crtbegin.o(.dtors)
 *crtbegin?.o(.dtors)
 *(EXCLUDE_FILE(*crtend.o *crtend?.o) .dtors)
 *(SORT_BY_NAME(.dtors.*))
 *(.dtors)
                0x10002428                        . = ALIGN (0x4)
                0x10002428                        PROVIDE (__preinit_array_start = .)
 *(SORT_BY_NAME(.preinit_array.*))
 .preinit_array.00100
                0x10002428        0x4 CMakeFiles/dummy.dir/home/kiso/Documents/raspberrypi/pico-sdk/src/rp2_common/pico_runtime_init/runtime_init.c.o
                0x10002428                __pre_init_runtime_init_early_resets
 .preinit_array.00101
                0x1000242c        0x4 CMakeFiles/dummy.dir/home/kiso/Documents/raspberrypi/pico-sdk/src/rp2_common/pico_runtime_init/runtime_init.c.o
                0x1000242c                __pre_init_runtime_init_usb_power_down
 .preinit_array.00275
                0x10002430        0x4 CMakeFiles/dummy.dir/home/kiso/Documents/raspberrypi/pico-sdk/src/rp2_common/pico_bit_ops/bit_ops_aeabi.S.o
 .preinit_array.00300
                0x10002434        0x4 CMakeFiles/dummy.dir/home/kiso/Documents/raspberrypi/pico-sdk/src/rp2_common/pico_mem_ops/mem_ops_aeabi.S.o
 .preinit_array.00350
                0x10002438        0x4 CMakeFiles/dummy.dir/home/kiso/Documents/raspberrypi/pico-sdk/src/rp2_common/pico_double/double_aeabi_rp2040.S.o
 .preinit_array.00350
                0x1000243c        0x4 CMakeFiles/dummy.dir/home/kiso/Documents/raspberrypi/pico-sdk/src/rp2_common/pico_float/float_aeabi_rp2040.S.o
 .preinit_array.00500
                0x10002440        0x4 CMakeFiles/dummy.dir/home/kiso/Documents/raspberrypi/pico-sdk/src/rp2_common/pico_runtime_init/runtime_init.c.o
                0x10002440                __pre_init_runtime_init_clocks
 .preinit_array.00600
                0x10002444        0x4 CMakeFiles/dummy.dir/home/kiso/Documents/raspberrypi/pico-sdk/src/rp2_common/pico_runtime_init/runtime_init.c.o
                0x10002444                __pre_init_runtime_init_post_clock_resets
 .preinit_array.00700
                0x10002448        0x4 CMakeFiles/dummy.dir/home/kiso/Documents/raspberrypi/pico-sdk/src/rp2_common/pico_runtime_init/runtime_init.c.o
                0x10002448                __pre_init_runtime_init_rp2040_gpio_ie_disable
 .preinit_array.01000
                0x1000244c        0x4 CMakeFiles/dummy.dir/home/kiso/Documents/raspberrypi/pico-sdk/src/rp2_common/pico_runtime_init/runtime_init.c.o
                0x1000244c                __pre_init_runtime_init_spin_locks_reset
 .preinit_array.01100
                0x10002450        0x4 CMakeFiles/dummy.dir/home/kiso/Documents/raspberrypi/pico-sdk/src/common/pico_sync/mutex.c.o
                0x10002450                __pre_init_runtime_init_mutex
 .preinit_array.10080
                0x10002454        0x4 CMakeFiles/dummy.dir/home/kiso/Documents/raspberrypi/pico-sdk/src/rp2_common/pico_runtime_init/runtime_init.c.o
                0x10002454                __pre_init_runtime_init_install_ram_vector_table
 .preinit_array.11000
                0x10002458        0x4 CMakeFiles/dummy.dir/home/kiso/Documents/raspberrypi/pico-sdk/src/common/pico_time/time.c.o
                0x10002458                __pre_init_runtime_init_default_alarm_pool
 .preinit_array.YYYYY
                0x1000245c        0x4 CMakeFiles/dummy.dir/home/kiso/Documents/raspberrypi/pico-sdk/src/rp2_common/pico_runtime/runtime.c.o
                0x1000245c                __pre_init_first_per_core_initializer
 .preinit_array.ZZZZZ.01200
                0x10002460        0x4 CMakeFiles/dummy.dir/home/kiso/Documents/raspberrypi/pico-sdk/src/rp2_common/hardware_irq/irq.c.o
                0x10002460                __pre_init_runtime_init_per_core_irq_priorities
 *(.preinit_array)
                0x10002464                        PROVIDE (__preinit_array_end = .)
                0x10002464                        . = ALIGN (0x4)
                0x10002464                        PROVIDE (__init_array_start = .)
 *(SORT_BY_NAME(.init_array.*))
 .init_array.00000
                0x10002464        0x4 /usr/lib/gcc/arm-none-eabi/13.2.1/../../../arm-none-eabi/lib/thumb/v6-m/nofp/libg.a(libc_a-__call_atexit.o)
 *(.init_array)
 .init_array    0x10002468        0x4 /usr/lib/gcc/arm-none-eabi/13.2.1/thumb/v6-m/nofp/crtbegin.o
                0x1000246c                        PROVIDE (__init_array_end = .)
                0x1000246c                        . = ALIGN (0x4)
                0x1000246c                        PROVIDE (__fini_array_start = .)
 *(SORT_BY_NAME(.fini_array.*))
 *(.fini_array)
                0x1000246c                        PROVIDE (__fini_array_end = .)
 *(.eh_frame*)
 .eh_frame      0x1000246c        0x0 /usr/lib/gcc/arm-none-eabi/13.2.1/thumb/v6-m/nofp/crtbegin.o
                0x1000246c                        . = ALIGN (0x4)

.glue_7         0x1000246c        0x0
 .glue_7        0x1000246c        0x0 linker stubs

.glue_7t        0x1000246c        0x0
 .glue_7t       0x1000246c        0x0 linker stubs

.vfp11_veneer   0x1000246c        0x0
 .vfp11_veneer  0x1000246c        0x0 linker stubs

.v4_bx          0x1000246c        0x0
 .v4_bx         0x1000246c        0x0 linker stubs

.iplt           0x1000246c        0x0
 .iplt          0x1000246c        0x0 /usr/lib/gcc/arm-none-eabi/13.2.1/thumb/v6-m/nofp/crtbegin.o

.rodata         0x1000246c      0x16c
 *(EXCLUDE_FILE(*libm.a: *libc.a:*lib_a-mem*.o *libgcc.a:) .rodata*)
 .rodata.dummy_program
                0x1000246c        0x8 CMakeFiles/dummy.dir/dummy.c.o
 .rodata.dummy_program_instructions
                0x10002474        0x4 CMakeFiles/dummy.dir/dummy.c.o
 .rodata.panic.str1.4
                0x10002478       0xec CMakeFiles/dummy.dir/home/kiso/Documents/raspberrypi/pico-sdk/src/rp2_common/pico_platform_panic/panic.c.o
                                 0x12 (size before relaxing)
 .rodata.timer_hardware_alarm_claim.str1.4
                0x10002564       0x22 CMakeFiles/dummy.dir/home/kiso/Documents/raspberrypi/pico-sdk/src/rp2_common/hardware_timer/timer.c.o
 .rodata.hard_assertion_failure.str1.4
                0x10002564        0xc CMakeFiles/dummy.dir/home/kiso/Documents/raspberrypi/pico-sdk/src/rp2_common/pico_runtime/runtime.c.o
 .rodata.missing_double_func_shim.str1.4
                0x10002564       0x18 CMakeFiles/dummy.dir/home/kiso/Documents/raspberrypi/pico-sdk/src/rp2_common/pico_double/double_init_rom_rp2040.c.o
 .rodata.missing_float_func_shim.str1.4
                0x10002564        0x1 CMakeFiles/dummy.dir/home/kiso/Documents/raspberrypi/pico-sdk/src/rp2_common/pico_float/float_init_rom_rp2040.c.o
 .rodata.str1.4
                0x10002564       0x3c CMakeFiles/dummy.dir/home/kiso/Documents/raspberrypi/pico-sdk/src/rp2_common/pico_standard_binary_info/standard_binary_info.c.o
 .rodata.__bi_84
                0x10002564        0xc CMakeFiles/dummy.dir/home/kiso/Documents/raspberrypi/pico-sdk/src/rp2_common/pico_standard_binary_info/standard_binary_info.c.o
 .rodata.__bi_78
                0x10002570        0xc CMakeFiles/dummy.dir/home/kiso/Documents/raspberrypi/pico-sdk/src/rp2_common/pico_standard_binary_info/standard_binary_info.c.o
 .rodata.__bi_54
                0x1000257c        0xc CMakeFiles/dummy.dir/home/kiso/Documents/raspberrypi/pico-sdk/src/rp2_common/pico_standard_binary_info/standard_binary_info.c.o
 .rodata.__bi_48
                0x10002588        0xc CMakeFiles/dummy.dir/home/kiso/Documents/raspberrypi/pico-sdk/src/rp2_common/pico_standard_binary_info/standard_binary_info.c.o
 .rodata.__bi_42
                0x10002594        0xc CMakeFiles/dummy.dir/home/kiso/Documents/raspberrypi/pico-sdk/src/rp2_common/pico_standard_binary_info/standard_binary_info.c.o
 .rodata.__bi_34
                0x100025a0        0xc CMakeFiles/dummy.dir/home/kiso/Documents/raspberrypi/pico-sdk/src/rp2_common/pico_standard_binary_info/standard_binary_info.c.o
 .rodata.__bi_26
                0x100025ac        0xc CMakeFiles/dummy.dir/home/kiso/Documents/raspberrypi/pico-sdk/src/rp2_common/pico_standard_binary_info/standard_binary_info.c.o
 .rodata.crlf_str.0
                0x100025b8        0x2 CMakeFiles/dummy.dir/home/kiso/Documents/raspberrypi/pico-sdk/src/rp2_common/pico_stdio/stdio.c.o
 .rodata.str1.4
                0x100025ba       0x2c CMakeFiles/dummy.dir/home/kiso/Documents/raspberrypi/pico-sdk/src/rp2_common/pico_stdio_uart/stdio_uart.c.o
 *fill*         0x100025ba        0x2 
 .rodata.__bi_45.4
                0x100025bc        0xc CMakeFiles/dummy.dir/home/kiso/Documents/raspberrypi/pico-sdk/src/rp2_common/pico_stdio_uart/stdio_uart.c.o
 .rodata.__bi_49.5
                0x100025c8        0x8 CMakeFiles/dummy.dir/home/kiso/Documents/raspberrypi/pico-sdk/src/rp2_common/pico_stdio_uart/stdio_uart.c.o
 .rodata.__bi_50.6
                0x100025d0        0x8 CMakeFiles/dummy.dir/home/kiso/Documents/raspberrypi/pico-sdk/src/rp2_common/pico_stdio_uart/stdio_uart.c.o
 .rodata.pio_claim_unused_sm.str1.4
                0x100025d8       0x24 CMakeFiles/dummy.dir/home/kiso/Documents/raspberrypi/pico-sdk/src/rp2_common/hardware_pio/pio.c.o
                0x100025fc                        . = ALIGN (0x4)
 *(SORT_BY_ALIGNMENT(SORT_BY_NAME(.flashdata*)))
                0x100025fc                        . = ALIGN (0x4)

.ARM.extab
 *(.ARM.extab* .gnu.linkonce.armextab.*)
                0x100025d8                        __exidx_start = .

.ARM.exidx
 *(.ARM.exidx* .gnu.linkonce.armexidx.*)
                0x100025d8                        __exidx_end = .
                0x100025fc                        . = ALIGN (0x4)
                0x100025d8                        __binary_info_start = .

.binary_info    0x100025d8       0x28
 *(.binary_info.keep.*)
 .binary_info.keep.__bi_ptr84
                0x100025d8        0x4 CMakeFiles/dummy.dir/home/kiso/Documents/raspberrypi/pico-sdk/src/rp2_common/pico_standard_binary_info/standard_binary_info.c.o
 .binary_info.keep.__bi_ptr78
                0x100025dc        0x4 CMakeFiles/dummy.dir/home/kiso/Documents/raspberrypi/pico-sdk/src/rp2_common/pico_standard_binary_info/standard_binary_info.c.o
 .binary_info.keep.__bi_ptr54
                0x100025e0        0x4 CMakeFiles/dummy.dir/home/kiso/Documents/raspberrypi/pico-sdk/src/rp2_common/pico_standard_binary_info/standard_binary_info.c.o
 .binary_info.keep.__bi_ptr48
                0x100025e4        0x4 CMakeFiles/dummy.dir/home/kiso/Documents/raspberrypi/pico-sdk/src/rp2_common/pico_standard_binary_info/standard_binary_info.c.o
 .binary_info.keep.__bi_ptr42
                0x100025e8        0x4 CMakeFiles/dummy.dir/home/kiso/Documents/raspberrypi/pico-sdk/src/rp2_common/pico_standard_binary_info/standard_binary_info.c.o
 .binary_info.keep.__bi_ptr34
                0x100025ec        0x4 CMakeFiles/dummy.dir/home/kiso/Documents/raspberrypi/pico-sdk/src/rp2_common/pico_standard_binary_info/standard_binary_info.c.o
 .binary_info.keep.__bi_ptr26
                0x100025f0        0x4 CMakeFiles/dummy.dir/home/kiso/Documents/raspberrypi/pico-sdk/src/rp2_common/pico_standard_binary_info/standard_binary_info.c.o
 *(.binary_info.*)
 .binary_info.__bi_ptr50
                0x100025f4        0x4 CMakeFiles/dummy.dir/home/kiso/Documents/raspberrypi/pico-sdk/src/rp2_common/pico_stdio_uart/stdio_uart.c.o
 .binary_info.__bi_ptr49
                0x100025f8        0x4 CMakeFiles/dummy.dir/home/kiso/Documents/raspberrypi/pico-sdk/src/rp2_common/pico_stdio_uart/stdio_uart.c.o
 .binary_info.__bi_ptr45
                0x100025fc        0x4 CMakeFiles/dummy.dir/home/kiso/Documents/raspberrypi/pico-sdk/src/rp2_common/pico_stdio_uart/stdio_uart.c.o
                0x10002600                        __binary_info_end = .
                0x10002600                        . = ALIGN (0x4)

.ram_vector_table
                0x20000000       0xc0
 *(.ram_vector_table)
 .ram_vector_table
                0x20000000       0xc0 CMakeFiles/dummy.dir/home/kiso/Documents/raspberrypi/pico-sdk/src/rp2_common/pico_runtime_init/runtime_init.c.o
                0x20000000                ram_vector_table

.uninitialized_data
                0x200000c0        0x0
                0x200000c0                        . = ALIGN (0x4)
 *(.uninitialized_data*)

.data           0x200000c0      0x468 load address 0x10002600
                0x200000c0                        __data_start__ = .
 *(vtable)
 *(.time_critical*)
 .time_critical.mutex_try_enter_block_until
                0x200000c0       0x9c CMakeFiles/dummy.dir/home/kiso/Documents/raspberrypi/pico-sdk/src/common/pico_sync/mutex.c.o
                0x200000c0                mutex_try_enter_block_until
 .time_critical.mutex_exit
                0x2000015c       0x28 CMakeFiles/dummy.dir/home/kiso/Documents/raspberrypi/pico-sdk/src/common/pico_sync/mutex.c.o
                0x2000015c                mutex_exit
 *(.text*)
 .text          0x20000184        0x4 /usr/lib/gcc/arm-none-eabi/13.2.1/thumb/v6-m/nofp/libgcc.a(_dvmd_tls.o)
                0x20000184                __aeabi_ldiv0
                0x20000184                __aeabi_idiv0
 .text.__stub   0x20000188       0x10 linker stubs
                0x20000198                        . = ALIGN (0x4)
 *(.rodata*)
                0x20000198                        . = ALIGN (0x4)
 *(.data*)
 .data.sevenseg
                0x20000198      0x2e0 CMakeFiles/dummy.dir/dummy.c.o
                0x20000198                sevenseg
 .data.striped_spin_lock_num
                0x20000478        0x1 CMakeFiles/dummy.dir/home/kiso/Documents/raspberrypi/pico-sdk/src/rp2_common/hardware_sync/sync.c.o
 *fill*         0x20000479        0x3 
 .data          0x2000047c       0x48 CMakeFiles/dummy.dir/home/kiso/Documents/raspberrypi/pico-sdk/src/rp2_common/hardware_irq/irq_handler_chain.S.o
                0x2000047c                irq_handler_chain_slots
                0x200004ac                irq_handler_chain_first_slot
                0x200004b6                irq_handler_chain_remove_tail
 .data.default_alarm_pool
                0x200004c4       0x18 CMakeFiles/dummy.dir/home/kiso/Documents/raspberrypi/pico-sdk/src/common/pico_time/time.c.o
 *fill*         0x200004dc        0x4 
 .data.aeabi_bits_funcs
                0x200004e0       0x10 CMakeFiles/dummy.dir/home/kiso/Documents/raspberrypi/pico-sdk/src/rp2_common/pico_bit_ops/bit_ops_aeabi.S.o
                0x200004e0                aeabi_bits_funcs
                0x200004f0                aeabi_bits_funcs_end
 .data.aeabi_mem_funcs
                0x200004f0       0x10 CMakeFiles/dummy.dir/home/kiso/Documents/raspberrypi/pico-sdk/src/rp2_common/pico_mem_ops/mem_ops_aeabi.S.o
                0x200004f0                aeabi_mem_funcs
                0x20000500                aeabi_mem_funcs_end
 .data.stdio_uart
                0x20000500       0x18 CMakeFiles/dummy.dir/home/kiso/Documents/raspberrypi/pico-sdk/src/rp2_common/pico_stdio_uart/stdio_uart.c.o
                0x20000500                stdio_uart
                0x20000518                        . = ALIGN (0x4)
 *(.after_data.*)
                0x20000518                        . = ALIGN (0x4)
                0x20000518                        PROVIDE (__mutex_array_start = .)
 *(SORT_BY_NAME(.mutex_array.*))
 *(.mutex_array)
 .mutex_array   0x20000518        0x8 CMakeFiles/dummy.dir/home/kiso/Documents/raspberrypi/pico-sdk/src/rp2_common/pico_malloc/malloc.c.o
 .mutex_array   0x20000520        0x8 CMakeFiles/dummy.dir/home/kiso/Documents/raspberrypi/pico-sdk/src/rp2_common/pico_stdio/stdio.c.o
                0x20000528                        PROVIDE (__mutex_array_end = .)
                0x20000528                        . = ALIGN (0x4)
 *(.jcr)
                0x20000528                        . = ALIGN (0x4)

.tm_clone_table
                0x20000528        0x0 load address 0x10002a68
 .tm_clone_table
                0x20000528        0x0 /usr/lib/gcc/arm-none-eabi/13.2.1/thumb/v6-m/nofp/crtbegin.o
 .tm_clone_table
                0x20000528        0x0 /usr/lib/gcc/arm-none-eabi/13.2.1/thumb/v6-m/nofp/crtend.o

.igot.plt       0x20000528        0x0 load address 0x10002a68
 .igot.plt      0x20000528        0x0 /usr/lib/gcc/arm-none-eabi/13.2.1/thumb/v6-m/nofp/crtbegin.o

.tdata          0x20000528        0x0 load address 0x10002a68
                0x20000528                        . = ALIGN (0x4)
 *(.tdata .tdata.* .gnu.linkonce.td.*)
                0x20000528                        __tdata_end = .
                0x20000528                        PROVIDE (__data_end__ = .)
                0x10002600                        __etext = LOADADDR (.data)

.tbss           0x20000528        0x0 load address 0x10002a68
                0x20000528                        . = ALIGN (0x4)
                0x20000528                        __bss_start__ = .
                0x20000528                        __tls_base = .
 *(.tbss .tbss.* .gnu.linkonce.tb.*)
 *(.tcommon)
                0x20000528                        __tls_end = .

.bss            0x20000528      0x5a0 load address 0x10002a68
                0x20000528                        . = ALIGN (0x4)
                0x20000528                        __tbss_end = .
 *(SORT_BY_ALIGNMENT(SORT_BY_NAME(.bss*)))
 .bss.default_alarm_pool_entries
                0x20000528      0x180 CMakeFiles/dummy.dir/home/kiso/Documents/raspberrypi/pico-sdk/src/common/pico_time/time.c.o
 .bss.sd_table  0x200006a8      0x100 CMakeFiles/dummy.dir/home/kiso/Documents/raspberrypi/pico-sdk/src/rp2_common/pico_double/double_init_rom_rp2040.c.o
                0x200006a8                sd_table
 .bss           0x200007a8       0x1c /usr/lib/gcc/arm-none-eabi/13.2.1/thumb/v6-m/nofp/crtbegin.o
 .bss           0x200007c4      0x190 /usr/lib/gcc/arm-none-eabi/13.2.1/../../../arm-none-eabi/lib/thumb/v6-m/nofp/libg.a(libc_a-__atexit.o)
                0x200007c4                __atexit0
 .bss           0x20000954        0x4 /usr/lib/gcc/arm-none-eabi/13.2.1/../../../arm-none-eabi/lib/thumb/v6-m/nofp/libg.a(libc_a-__call_atexit.o)
                0x20000954                __atexit
 .bss._used_instruction_space
                0x20000958        0x8 CMakeFiles/dummy.dir/home/kiso/Documents/raspberrypi/pico-sdk/src/rp2_common/hardware_pio/pio.c.o
 .bss.chars_available_callback
                0x20000960        0x4 CMakeFiles/dummy.dir/home/kiso/Documents/raspberrypi/pico-sdk/src/rp2_common/pico_stdio_uart/stdio_uart.c.o
 .bss.chars_available_param
                0x20000964        0x4 CMakeFiles/dummy.dir/home/kiso/Documents/raspberrypi/pico-sdk/src/rp2_common/pico_stdio_uart/stdio_uart.c.o
 .bss.claimed   0x20000968        0x1 CMakeFiles/dummy.dir/home/kiso/Documents/raspberrypi/pico-sdk/src/rp2_common/hardware_timer/timer.c.o
 *fill*         0x20000969        0x3 
 .bss.claimed   0x2000096c        0x1 CMakeFiles/dummy.dir/home/kiso/Documents/raspberrypi/pico-sdk/src/rp2_common/hardware_pio/pio.c.o
 *fill*         0x2000096d        0x3 
 .bss.configured_freq
                0x20000970       0x28 CMakeFiles/dummy.dir/home/kiso/Documents/raspberrypi/pico-sdk/src/rp2_common/hardware_clocks/clocks.c.o
 .bss.drivers   0x20000998        0x4 CMakeFiles/dummy.dir/home/kiso/Documents/raspberrypi/pico-sdk/src/rp2_common/pico_stdio/stdio.c.o
 .bss.filter    0x2000099c        0x4 CMakeFiles/dummy.dir/home/kiso/Documents/raspberrypi/pico-sdk/src/rp2_common/pico_stdio/stdio.c.o
 .bss.lazy_vsnprintf
                0x200009a0        0x4 CMakeFiles/dummy.dir/home/kiso/Documents/raspberrypi/pico-sdk/src/rp2_common/pico_printf/printf.c.o
 .bss.pools     0x200009a4       0x10 CMakeFiles/dummy.dir/home/kiso/Documents/raspberrypi/pico-sdk/src/common/pico_time/time.c.o
 .bss.sf_clz_func
                0x200009b4        0x4 CMakeFiles/dummy.dir/home/kiso/Documents/raspberrypi/pico-sdk/src/rp2_common/pico_double/double_init_rom_rp2040.c.o
                0x200009b4                sf_clz_func
 .bss.sf_table  0x200009b8      0x100 CMakeFiles/dummy.dir/home/kiso/Documents/raspberrypi/pico-sdk/src/rp2_common/pico_float/float_init_rom_rp2040.c.o
                0x200009b8                sf_table
 .bss.sleep_notifier
                0x20000ab8        0x4 CMakeFiles/dummy.dir/home/kiso/Documents/raspberrypi/pico-sdk/src/common/pico_time/time.c.o
 .bss.uart_char_to_line_feed
                0x20000abc        0x4 CMakeFiles/dummy.dir/home/kiso/Documents/raspberrypi/pico-sdk/src/rp2_common/hardware_uart/uart.c.o
                0x20000abc                uart_char_to_line_feed
 .bss.uart_instance
                0x20000ac0        0x4 CMakeFiles/dummy.dir/home/kiso/Documents/raspberrypi/pico-sdk/src/rp2_common/pico_stdio_uart/stdio_uart.c.o
 .bss.irq_handler_chain_free_slot_head
                0x20000ac4        0x1 CMakeFiles/dummy.dir/home/kiso/Documents/raspberrypi/pico-sdk/src/rp2_common/hardware_irq/irq.c.o
 *(COMMON)
                0x20000ac8                        . = ALIGN (0x4)
 *fill*         0x20000ac5        0x3 
                0x20000ac8                        __bss_end__ = .

.heap           0x20000ac8      0x800 load address 0x10002a68
                0x20000ac8                        __end__ = .
                0x20000ac8                        end = __end__
 *(.heap*)
 .heap          0x20000ac8      0x800 CMakeFiles/dummy.dir/home/kiso/Documents/raspberrypi/pico-sdk/src/rp2_common/pico_crt0/crt0.S.o
                0x20040000                        __HeapLimit = (ORIGIN (RAM) + LENGTH (RAM))

.scratch_x      0x20040000        0x0 load address 0x10002a68
                0x20040000                        __scratch_x_start__ = .
 *(.scratch_x.*)
                0x20040000                        . = ALIGN (0x4)
                0x20040000                        __scratch_x_end__ = .
                0x10002a68                        __scratch_x_source__ = LOADADDR (.scratch_x)

.scratch_y      0x20041000        0x0 load address 0x10002a68
                0x20041000                        __scratch_y_start__ = .
 *(.scratch_y.*)
                0x20041000                        . = ALIGN (0x4)
                0x20041000                        __scratch_y_end__ = .
                0x10002a68                        __scratch_y_source__ = LOADADDR (.scratch_y)

.stack1_dummy   0x20040000      0x800
 *(.stack1*)
 .stack1        0x20040000      0x800 CMakeFiles/dummy.dir/home/kiso/Documents/raspberrypi/pico-sdk/src/rp2_common/pico_multicore/multicore.c.o

.stack_dummy    0x20041000      0x800
 *(.stack*)
 .stack         0x20041000      0x800 CMakeFiles/dummy.dir/home/kiso/Documents/raspberrypi/pico-sdk/src/rp2_common/pico_crt0/crt0.S.o

.rel.dyn        0x20041800        0x0
 .rel.iplt      0x20041800        0x0 /usr/lib/gcc/arm-none-eabi/13.2.1/thumb/v6-m/nofp/crtbegin.o

.flash_end      0x10002a68        0x0
 *(.embedded_end_block*)
                0x10002a68                        PROVIDE (__flash_binary_end = .)
                0x20040000                        __StackLimit = (ORIGIN (RAM) + LENGTH (RAM))
                0x20041000                        __StackOneTop = (ORIGIN (SCRATCH_X) + LENGTH (SCRATCH_X))
                0x20042000                        __StackTop = (ORIGIN (SCRATCH_Y) + LENGTH (SCRATCH_Y))
                0x20040800                        __StackOneBottom = (__StackOneTop - SIZEOF (.stack1_dummy))
                0x20041800                        __StackBottom = (__StackTop - SIZEOF (.stack_dummy))
                0x20042000                        PROVIDE (__stack = __StackTop)
                [!provide]                        PROVIDE (__heap_start = __end__)
                [!provide]                        PROVIDE (__heap_end = __HeapLimit)
                [!provide]                        PROVIDE (__tls_align = MAX (ALIGNOF (.tdata), ALIGNOF (.tbss)))
                [!provide]                        PROVIDE (__tls_size_align = (((__tls_size + __tls_align) - 0x1) & ~ ((__tls_align - 0x1))))
                [!provide]                        PROVIDE (__arm32_tls_tcb_offset = MAX (0x8, __tls_align))
                [!provide]                        PROVIDE (_end = __end__)
                [!provide]                        PROVIDE (__llvm_libc_heap_limit = __HeapLimit)
                0x00000001                        ASSERT ((__StackLimit >= __HeapLimit), region RAM overflowed)
                0x00000001                        ASSERT (((__binary_info_header_end - __logical_binary_start) <= 0x100), Binary info must be in first 256 bytes of the binary)
LOAD CMakeFiles/dummy.dir/dummy.c.o
LOAD CMakeFiles/dummy.dir/home/kiso/Documents/raspberrypi/pico-sdk/src/rp2_common/pico_stdlib/stdlib.c.o
LOAD CMakeFiles/dummy.dir/home/kiso/Documents/raspberrypi/pico-sdk/src/rp2_common/hardware_gpio/gpio.c.o
LOAD CMakeFiles/dummy.dir/home/kiso/Documents/raspberrypi/pico-sdk/src/rp2040/pico_platform/platform.c.o
LOAD CMakeFiles/dummy.dir/home/kiso/Documents/raspberrypi/pico-sdk/src/rp2_common/pico_platform_common/common.c.o
LOAD CMakeFiles/dummy.dir/home/kiso/Documents/raspberrypi/pico-sdk/src/rp2_common/pico_platform_panic/panic.c.o
LOAD CMakeFiles/dummy.dir/home/kiso/Documents/raspberrypi/pico-sdk/src/common/hardware_claim/claim.c.o
LOAD CMakeFiles/dummy.dir/home/kiso/Documents/raspberrypi/pico-sdk/src/rp2_common/hardware_sync/sync.c.o
LOAD CMakeFiles/dummy.dir/home/kiso/Documents/raspberrypi/pico-sdk/src/rp2_common/hardware_sync_spin_lock/sync_spin_lock.c.o
LOAD CMakeFiles/dummy.dir/home/kiso/Documents/raspberrypi/pico-sdk/src/rp2_common/hardware_irq/irq.c.o
LOAD CMakeFiles/dummy.dir/home/kiso/Documents/raspberrypi/pico-sdk/src/rp2_common/hardware_irq/irq_handler_chain.S.o
LOAD CMakeFiles/dummy.dir/home/kiso/Documents/raspberrypi/pico-sdk/src/common/pico_sync/sem.c.o
LOAD CMakeFiles/dummy.dir/home/kiso/Documents/raspberrypi/pico-sdk/src/common/pico_sync/lock_core.c.o
LOAD CMakeFiles/dummy.dir/home/kiso/Documents/raspberrypi/pico-sdk/src/common/pico_sync/mutex.c.o
LOAD CMakeFiles/dummy.dir/home/kiso/Documents/raspberrypi/pico-sdk/src/common/pico_sync/critical_section.c.o
LOAD CMakeFiles/dummy.dir/home/kiso/Documents/raspberrypi/pico-sdk/src/common/pico_time/time.c.o
LOAD CMakeFiles/dummy.dir/home/kiso/Documents/raspberrypi/pico-sdk/src/common/pico_time/timeout_helper.c.o
LOAD CMakeFiles/dummy.dir/home/kiso/Documents/raspberrypi/pico-sdk/src/rp2_common/hardware_timer/timer.c.o
LOAD CMakeFiles/dummy.dir/home/kiso/Documents/raspberrypi/pico-sdk/src/common/pico_util/datetime.c.o
LOAD CMakeFiles/dummy.dir/home/kiso/Documents/raspberrypi/pico-sdk/src/common/pico_util/pheap.c.o
LOAD CMakeFiles/dummy.dir/home/kiso/Documents/raspberrypi/pico-sdk/src/common/pico_util/queue.c.o
LOAD CMakeFiles/dummy.dir/home/kiso/Documents/raspberrypi/pico-sdk/src/rp2_common/hardware_uart/uart.c.o
LOAD CMakeFiles/dummy.dir/home/kiso/Documents/raspberrypi/pico-sdk/src/rp2_common/hardware_clocks/clocks.c.o
LOAD CMakeFiles/dummy.dir/home/kiso/Documents/raspberrypi/pico-sdk/src/rp2_common/hardware_pll/pll.c.o
LOAD CMakeFiles/dummy.dir/home/kiso/Documents/raspberrypi/pico-sdk/src/rp2_common/hardware_vreg/vreg.c.o
LOAD CMakeFiles/dummy.dir/home/kiso/Documents/raspberrypi/pico-sdk/src/rp2_common/hardware_watchdog/watchdog.c.o
LOAD CMakeFiles/dummy.dir/home/kiso/Documents/raspberrypi/pico-sdk/src/rp2_common/hardware_ticks/ticks.c.o
LOAD CMakeFiles/dummy.dir/home/kiso/Documents/raspberrypi/pico-sdk/src/rp2_common/pico_bootrom/bootrom.c.o
LOAD CMakeFiles/dummy.dir/home/kiso/Documents/raspberrypi/pico-sdk/src/rp2_common/pico_bootrom/bootrom_lock.c.o
LOAD CMakeFiles/dummy.dir/home/kiso/Documents/raspberrypi/pico-sdk/src/rp2_common/hardware_boot_lock/boot_lock.c.o
LOAD CMakeFiles/dummy.dir/home/kiso/Documents/raspberrypi/pico-sdk/src/rp2_common/pico_flash/flash.c.o
LOAD CMakeFiles/dummy.dir/home/kiso/Documents/raspberrypi/pico-sdk/src/rp2_common/hardware_xosc/xosc.c.o
LOAD CMakeFiles/dummy.dir/home/kiso/Documents/raspberrypi/pico-sdk/src/rp2_common/hardware_divider/divider.S.o
LOAD CMakeFiles/dummy.dir/home/kiso/Documents/raspberrypi/pico-sdk/src/rp2_common/pico_runtime/runtime.c.o
LOAD CMakeFiles/dummy.dir/home/kiso/Documents/raspberrypi/pico-sdk/src/rp2_common/pico_runtime_init/runtime_init.c.o
LOAD CMakeFiles/dummy.dir/home/kiso/Documents/raspberrypi/pico-sdk/src/rp2_common/pico_runtime_init/runtime_init_clocks.c.o
LOAD CMakeFiles/dummy.dir/home/kiso/Documents/raspberrypi/pico-sdk/src/rp2_common/pico_runtime_init/runtime_init_stack_guard.c.o
LOAD CMakeFiles/dummy.dir/home/kiso/Documents/raspberrypi/pico-sdk/src/rp2_common/pico_bit_ops/bit_ops_aeabi.S.o
LOAD CMakeFiles/dummy.dir/home/kiso/Documents/raspberrypi/pico-sdk/src/rp2_common/pico_divider/divider_hardware.S.o
LOAD CMakeFiles/dummy.dir/home/kiso/Documents/raspberrypi/pico-sdk/src/rp2_common/pico_double/double_aeabi_rp2040.S.o
LOAD CMakeFiles/dummy.dir/home/kiso/Documents/raspberrypi/pico-sdk/src/rp2_common/pico_double/double_init_rom_rp2040.c.o
LOAD CMakeFiles/dummy.dir/home/kiso/Documents/raspberrypi/pico-sdk/src/rp2_common/pico_double/double_math.c.o
LOAD CMakeFiles/dummy.dir/home/kiso/Documents/raspberrypi/pico-sdk/src/rp2_common/pico_double/double_v1_rom_shim_rp2040.S.o
LOAD CMakeFiles/dummy.dir/home/kiso/Documents/raspberrypi/pico-sdk/src/rp2_common/pico_int64_ops/pico_int64_ops_aeabi.S.o
LOAD CMakeFiles/dummy.dir/home/kiso/Documents/raspberrypi/pico-sdk/src/rp2_common/pico_float/float_aeabi_rp2040.S.o
LOAD CMakeFiles/dummy.dir/home/kiso/Documents/raspberrypi/pico-sdk/src/rp2_common/pico_float/float_init_rom_rp2040.c.o
LOAD CMakeFiles/dummy.dir/home/kiso/Documents/raspberrypi/pico-sdk/src/rp2_common/pico_float/float_math.c.o
LOAD CMakeFiles/dummy.dir/home/kiso/Documents/raspberrypi/pico-sdk/src/rp2_common/pico_float/float_v1_rom_shim_rp2040.S.o
LOAD CMakeFiles/dummy.dir/home/kiso/Documents/raspberrypi/pico-sdk/src/rp2_common/pico_malloc/malloc.c.o
LOAD CMakeFiles/dummy.dir/home/kiso/Documents/raspberrypi/pico-sdk/src/rp2_common/pico_mem_ops/mem_ops_aeabi.S.o
LOAD CMakeFiles/dummy.dir/home/kiso/Documents/raspberrypi/pico-sdk/src/rp2_common/pico_atomic/atomic.c.o
LOAD CMakeFiles/dummy.dir/home/kiso/Documents/raspberrypi/pico-sdk/src/rp2_common/pico_cxx_options/new_delete.cpp.o
LOAD CMakeFiles/dummy.dir/home/kiso/Documents/raspberrypi/pico-sdk/src/rp2_common/pico_standard_binary_info/standard_binary_info.c.o
LOAD CMakeFiles/dummy.dir/home/kiso/Documents/raspberrypi/pico-sdk/src/rp2_common/pico_printf/printf.c.o
LOAD CMakeFiles/dummy.dir/home/kiso/Documents/raspberrypi/pico-sdk/src/rp2_common/pico_crt0/crt0.S.o
LOAD CMakeFiles/dummy.dir/home/kiso/Documents/raspberrypi/pico-sdk/src/rp2_common/pico_clib_interface/newlib_interface.c.o
LOAD CMakeFiles/dummy.dir/home/kiso/Documents/raspberrypi/pico-sdk/src/rp2_common/pico_stdio/stdio.c.o
LOAD CMakeFiles/dummy.dir/home/kiso/Documents/raspberrypi/pico-sdk/src/rp2_common/pico_stdio_uart/stdio_uart.c.o
LOAD CMakeFiles/dummy.dir/home/kiso/Documents/raspberrypi/pico-sdk/src/rp2_common/hardware_pio/pio.c.o
LOAD CMakeFiles/dummy.dir/home/kiso/Documents/raspberrypi/pico-sdk/src/rp2_common/pico_multicore/multicore.c.o
LOAD pico-sdk/src/rp2040/boot_stage2/CMakeFiles/bs2_default_library.dir/bs2_default_padded_checksummed.S.o
LOAD /usr/lib/gcc/arm-none-eabi/13.2.1/../../../arm-none-eabi/lib/thumb/v6-m/nofp/libstdc++.a
LOAD /usr/lib/gcc/arm-none-eabi/13.2.1/../../../arm-none-eabi/lib/thumb/v6-m/nofp/libm.a
START GROUP
LOAD /usr/lib/gcc/arm-none-eabi/13.2.1/thumb/v6-m/nofp/libgcc.a
LOAD /usr/lib/gcc/arm-none-eabi/13.2.1/../../../arm-none-eabi/lib/thumb/v6-m/nofp/libg.a
LOAD /usr/lib/gcc/arm-none-eabi/13.2.1/../../../arm-none-eabi/lib/thumb/v6-m/nofp/libc.a
END GROUP
START GROUP
LOAD /usr/lib/gcc/arm-none-eabi/13.2.1/thumb/v6-m/nofp/libgcc.a
LOAD /usr/lib/gcc/arm-none-eabi/13.2.1/../../../arm-none-eabi/lib/thumb/v6-m/nofp/libc.a
LOAD /usr/lib/gcc/arm-none-eabi/13.2.1/../../../arm-none-eabi/lib/thumb/v6-m/nofp/libnosys.a
END GROUP
LOAD /usr/lib/gcc/arm-none-eabi/13.2.1/thumb/v6-m/nofp/crtend.o
LOAD /usr/lib/gcc/arm-none-eabi/13.2.1/thumb/v6-m/nofp/crtn.o
OUTPUT(dummy.elf elf32-littlearm)
LOAD linker stubs

.ARM.attributes
                0x00000000       0x28
 .ARM.attributes
                0x00000000       0x1e /usr/lib/gcc/arm-none-eabi/13.2.1/thumb/v6-m/nofp/crti.o
 .ARM.attributes
                0x0000001e       0x2c /usr/lib/gcc/arm-none-eabi/13.2.1/thumb/v6-m/nofp/crtbegin.o
 .ARM.attributes
                0x0000004a       0x2c CMakeFiles/dummy.dir/dummy.c.o
 .ARM.attributes
                0x00000076       0x2c CMakeFiles/dummy.dir/home/kiso/Documents/raspberrypi/pico-sdk/src/rp2_common/hardware_gpio/gpio.c.o
 .ARM.attributes
                0x000000a2       0x2c CMakeFiles/dummy.dir/home/kiso/Documents/raspberrypi/pico-sdk/src/rp2_common/pico_platform_panic/panic.c.o
 .ARM.attributes
                0x000000ce       0x2c CMakeFiles/dummy.dir/home/kiso/Documents/raspberrypi/pico-sdk/src/common/hardware_claim/claim.c.o
 .ARM.attributes
                0x000000fa       0x2c CMakeFiles/dummy.dir/home/kiso/Documents/raspberrypi/pico-sdk/src/rp2_common/hardware_sync/sync.c.o
 .ARM.attributes
                0x00000126       0x2c CMakeFiles/dummy.dir/home/kiso/Documents/raspberrypi/pico-sdk/src/rp2_common/hardware_sync_spin_lock/sync_spin_lock.c.o
 .ARM.attributes
                0x00000152       0x2c CMakeFiles/dummy.dir/home/kiso/Documents/raspberrypi/pico-sdk/src/rp2_common/hardware_irq/irq.c.o
 .ARM.attributes
                0x0000017e       0x22 CMakeFiles/dummy.dir/home/kiso/Documents/raspberrypi/pico-sdk/src/rp2_common/hardware_irq/irq_handler_chain.S.o
 .ARM.attributes
                0x000001a0       0x2c CMakeFiles/dummy.dir/home/kiso/Documents/raspberrypi/pico-sdk/src/common/pico_sync/lock_core.c.o
 .ARM.attributes
                0x000001cc       0x2c CMakeFiles/dummy.dir/home/kiso/Documents/raspberrypi/pico-sdk/src/common/pico_sync/mutex.c.o
 .ARM.attributes
                0x000001f8       0x2c CMakeFiles/dummy.dir/home/kiso/Documents/raspberrypi/pico-sdk/src/common/pico_time/time.c.o
 .ARM.attributes
                0x00000224       0x2c CMakeFiles/dummy.dir/home/kiso/Documents/raspberrypi/pico-sdk/src/rp2_common/hardware_timer/timer.c.o
 .ARM.attributes
                0x00000250       0x2c CMakeFiles/dummy.dir/home/kiso/Documents/raspberrypi/pico-sdk/src/rp2_common/hardware_uart/uart.c.o
 .ARM.attributes
                0x0000027c       0x2c CMakeFiles/dummy.dir/home/kiso/Documents/raspberrypi/pico-sdk/src/rp2_common/hardware_clocks/clocks.c.o
 .ARM.attributes
                0x000002a8       0x2c CMakeFiles/dummy.dir/home/kiso/Documents/raspberrypi/pico-sdk/src/rp2_common/hardware_pll/pll.c.o
 .ARM.attributes
                0x000002d4       0x2c CMakeFiles/dummy.dir/home/kiso/Documents/raspberrypi/pico-sdk/src/rp2_common/hardware_ticks/ticks.c.o
 .ARM.attributes
                0x00000300       0x2c CMakeFiles/dummy.dir/home/kiso/Documents/raspberrypi/pico-sdk/src/rp2_common/pico_bootrom/bootrom.c.o
 .ARM.attributes
                0x0000032c       0x2c CMakeFiles/dummy.dir/home/kiso/Documents/raspberrypi/pico-sdk/src/rp2_common/hardware_xosc/xosc.c.o
 .ARM.attributes
                0x00000358       0x2c CMakeFiles/dummy.dir/home/kiso/Documents/raspberrypi/pico-sdk/src/rp2_common/pico_runtime/runtime.c.o
 .ARM.attributes
                0x00000384       0x2c CMakeFiles/dummy.dir/home/kiso/Documents/raspberrypi/pico-sdk/src/rp2_common/pico_runtime_init/runtime_init.c.o
 .ARM.attributes
                0x000003b0       0x2c CMakeFiles/dummy.dir/home/kiso/Documents/raspberrypi/pico-sdk/src/rp2_common/pico_runtime_init/runtime_init_clocks.c.o
 .ARM.attributes
                0x000003dc       0x22 CMakeFiles/dummy.dir/home/kiso/Documents/raspberrypi/pico-sdk/src/rp2_common/pico_bit_ops/bit_ops_aeabi.S.o
 .ARM.attributes
                0x000003fe       0x22 CMakeFiles/dummy.dir/home/kiso/Documents/raspberrypi/pico-sdk/src/rp2_common/pico_divider/divider_hardware.S.o
 .ARM.attributes
                0x00000420       0x22 CMakeFiles/dummy.dir/home/kiso/Documents/raspberrypi/pico-sdk/src/rp2_common/pico_double/double_aeabi_rp2040.S.o
 .ARM.attributes
                0x00000442       0x2c CMakeFiles/dummy.dir/home/kiso/Documents/raspberrypi/pico-sdk/src/rp2_common/pico_double/double_init_rom_rp2040.c.o
 .ARM.attributes
                0x0000046e       0x22 CMakeFiles/dummy.dir/home/kiso/Documents/raspberrypi/pico-sdk/src/rp2_common/pico_double/double_v1_rom_shim_rp2040.S.o
 .ARM.attributes
                0x00000490       0x22 CMakeFiles/dummy.dir/home/kiso/Documents/raspberrypi/pico-sdk/src/rp2_common/pico_float/float_aeabi_rp2040.S.o
 .ARM.attributes
                0x000004b2       0x2c CMakeFiles/dummy.dir/home/kiso/Documents/raspberrypi/pico-sdk/src/rp2_common/pico_float/float_init_rom_rp2040.c.o
 .ARM.attributes
                0x000004de       0x2c CMakeFiles/dummy.dir/home/kiso/Documents/raspberrypi/pico-sdk/src/rp2_common/pico_malloc/malloc.c.o
 .ARM.attributes
                0x0000050a       0x22 CMakeFiles/dummy.dir/home/kiso/Documents/raspberrypi/pico-sdk/src/rp2_common/pico_mem_ops/mem_ops_aeabi.S.o
 .ARM.attributes
                0x0000052c       0x2c CMakeFiles/dummy.dir/home/kiso/Documents/raspberrypi/pico-sdk/src/rp2_common/pico_standard_binary_info/standard_binary_info.c.o
 .ARM.attributes
                0x00000558       0x2c CMakeFiles/dummy.dir/home/kiso/Documents/raspberrypi/pico-sdk/src/rp2_common/pico_printf/printf.c.o
 .ARM.attributes
                0x00000584       0x22 CMakeFiles/dummy.dir/home/kiso/Documents/raspberrypi/pico-sdk/src/rp2_common/pico_crt0/crt0.S.o
 .ARM.attributes
                0x000005a6       0x2c CMakeFiles/dummy.dir/home/kiso/Documents/raspberrypi/pico-sdk/src/rp2_common/pico_clib_interface/newlib_interface.c.o
 .ARM.attributes
                0x000005d2       0x2c CMakeFiles/dummy.dir/home/kiso/Documents/raspberrypi/pico-sdk/src/rp2_common/pico_stdio/stdio.c.o
 .ARM.attributes
                0x000005fe       0x2c CMakeFiles/dummy.dir/home/kiso/Documents/raspberrypi/pico-sdk/src/rp2_common/pico_stdio_uart/stdio_uart.c.o
 .ARM.attributes
                0x0000062a       0x2c CMakeFiles/dummy.dir/home/kiso/Documents/raspberrypi/pico-sdk/src/rp2_common/hardware_pio/pio.c.o
 .ARM.attributes
                0x00000656       0x2c CMakeFiles/dummy.dir/home/kiso/Documents/raspberrypi/pico-sdk/src/rp2_common/pico_multicore/multicore.c.o
 .ARM.attributes
                0x00000682       0x22 pico-sdk/src/rp2040/boot_stage2/CMakeFiles/bs2_default_library.dir/bs2_default_padded_checksummed.S.o
 .ARM.attributes
                0x000006a4       0x1e /usr/lib/gcc/arm-none-eabi/13.2.1/thumb/v6-m/nofp/libgcc.a(_dvmd_tls.o)
 .ARM.attributes
                0x000006c2       0x2c /usr/lib/gcc/arm-none-eabi/13.2.1/../../../arm-none-eabi/lib/thumb/v6-m/nofp/libg.a(libc_a-atexit.o)
 .ARM.attributes
                0x000006ee       0x2c /usr/lib/gcc/arm-none-eabi/13.2.1/../../../arm-none-eabi/lib/thumb/v6-m/nofp/libg.a(libc_a-strlen-stub.o)
 .ARM.attributes
                0x0000071a       0x2c /usr/lib/gcc/arm-none-eabi/13.2.1/../../../arm-none-eabi/lib/thumb/v6-m/nofp/libg.a(libc_a-fini.o)
 .ARM.attributes
                0x00000746       0x2c /usr/lib/gcc/arm-none-eabi/13.2.1/../../../arm-none-eabi/lib/thumb/v6-m/nofp/libg.a(libc_a-__atexit.o)
 .ARM.attributes
                0x00000772       0x2c /usr/lib/gcc/arm-none-eabi/13.2.1/../../../arm-none-eabi/lib/thumb/v6-m/nofp/libg.a(libc_a-__call_atexit.o)
 .ARM.attributes
                0x0000079e       0x2c /usr/lib/gcc/arm-none-eabi/13.2.1/thumb/v6-m/nofp/crtend.o

.comment        0x00000000       0x26
 .comment       0x00000000       0x26 /usr/lib/gcc/arm-none-eabi/13.2.1/thumb/v6-m/nofp/crtbegin.o
                                 0x27 (size before relaxing)
 .comment       0x00000026       0x27 CMakeFiles/dummy.dir/dummy.c.o
 .comment       0x00000026       0x27 CMakeFiles/dummy.dir/home/kiso/Documents/raspberrypi/pico-sdk/src/rp2_common/hardware_gpio/gpio.c.o
 .comment       0x00000026       0x27 CMakeFiles/dummy.dir/home/kiso/Documents/raspberrypi/pico-sdk/src/rp2_common/pico_platform_panic/panic.c.o
 .comment       0x00000026       0x27 CMakeFiles/dummy.dir/home/kiso/Documents/raspberrypi/pico-sdk/src/common/hardware_claim/claim.c.o
 .comment       0x00000026       0x27 CMakeFiles/dummy.dir/home/kiso/Documents/raspberrypi/pico-sdk/src/rp2_common/hardware_sync/sync.c.o
 .comment       0x00000026       0x27 CMakeFiles/dummy.dir/home/kiso/Documents/raspberrypi/pico-sdk/src/rp2_common/hardware_sync_spin_lock/sync_spin_lock.c.o
 .comment       0x00000026       0x27 CMakeFiles/dummy.dir/home/kiso/Documents/raspberrypi/pico-sdk/src/rp2_common/hardware_irq/irq.c.o
 .comment       0x00000026       0x27 CMakeFiles/dummy.dir/home/kiso/Documents/raspberrypi/pico-sdk/src/common/pico_sync/lock_core.c.o
 .comment       0x00000026       0x27 CMakeFiles/dummy.dir/home/kiso/Documents/raspberrypi/pico-sdk/src/common/pico_sync/mutex.c.o
 .comment       0x00000026       0x27 CMakeFiles/dummy.dir/home/kiso/Documents/raspberrypi/pico-sdk/src/common/pico_time/time.c.o
 .comment       0x00000026       0x27 CMakeFiles/dummy.dir/home/kiso/Documents/raspberrypi/pico-sdk/src/rp2_common/hardware_timer/timer.c.o
 .comment       0x00000026       0x27 CMakeFiles/dummy.dir/home/kiso/Documents/raspberrypi/pico-sdk/src/rp2_common/hardware_uart/uart.c.o
 .comment       0x00000026       0x27 CMakeFiles/dummy.dir/home/kiso/Documents/raspberrypi/pico-sdk/src/rp2_common/hardware_clocks/clocks.c.o
 .comment       0x00000026       0x27 CMakeFiles/dummy.dir/home/kiso/Documents/raspberrypi/pico-sdk/src/rp2_common/hardware_pll/pll.c.o
 .comment       0x00000026       0x27 CMakeFiles/dummy.dir/home/kiso/Documents/raspberrypi/pico-sdk/src/rp2_common/hardware_ticks/ticks.c.o
 .comment       0x00000026       0x27 CMakeFiles/dummy.dir/home/kiso/Documents/raspberrypi/pico-sdk/src/rp2_common/pico_bootrom/bootrom.c.o
 .comment       0x00000026       0x27 CMakeFiles/dummy.dir/home/kiso/Documents/raspberrypi/pico-sdk/src/rp2_common/hardware_xosc/xosc.c.o
 .comment       0x00000026       0x27 CMakeFiles/dummy.dir/home/kiso/Documents/raspberrypi/pico-sdk/src/rp2_common/pico_runtime/runtime.c.o
 .comment       0x00000026       0x27 CMakeFiles/dummy.dir/home/kiso/Documents/raspberrypi/pico-sdk/src/rp2_common/pico_runtime_init/runtime_init.c.o
 .comment       0x00000026       0x27 CMakeFiles/dummy.dir/home/kiso/Documents/raspberrypi/pico-sdk/src/rp2_common/pico_runtime_init/runtime_init_clocks.c.o
 .comment       0x00000026       0x27 CMakeFiles/dummy.dir/home/kiso/Documents/raspberrypi/pico-sdk/src/rp2_common/pico_double/double_init_rom_rp2040.c.o
 .comment       0x00000026       0x27 CMakeFiles/dummy.dir/home/kiso/Documents/raspberrypi/pico-sdk/src/rp2_common/pico_float/float_init_rom_rp2040.c.o
 .comment       0x00000026       0x27 CMakeFiles/dummy.dir/home/kiso/Documents/raspberrypi/pico-sdk/src/rp2_common/pico_malloc/malloc.c.o
 .comment       0x00000026       0x27 CMakeFiles/dummy.dir/home/kiso/Documents/raspberrypi/pico-sdk/src/rp2_common/pico_standard_binary_info/standard_binary_info.c.o
 .comment       0x00000026       0x27 CMakeFiles/dummy.dir/home/kiso/Documents/raspberrypi/pico-sdk/src/rp2_common/pico_printf/printf.c.o
 .comment       0x00000026       0x27 CMakeFiles/dummy.dir/home/kiso/Documents/raspberrypi/pico-sdk/src/rp2_common/pico_clib_interface/newlib_interface.c.o
 .comment       0x00000026       0x27 CMakeFiles/dummy.dir/home/kiso/Documents/raspberrypi/pico-sdk/src/rp2_common/pico_stdio/stdio.c.o
 .comment       0x00000026       0x27 CMakeFiles/dummy.dir/home/kiso/Documents/raspberrypi/pico-sdk/src/rp2_common/pico_stdio_uart/stdio_uart.c.o
 .comment       0x00000026       0x27 CMakeFiles/dummy.dir/home/kiso/Documents/raspberrypi/pico-sdk/src/rp2_common/hardware_pio/pio.c.o
 .comment       0x00000026       0x27 CMakeFiles/dummy.dir/home/kiso/Documents/raspberrypi/pico-sdk/src/rp2_common/pico_multicore/multicore.c.o
 .comment       0x00000026       0x27 /usr/lib/gcc/arm-none-eabi/13.2.1/../../../arm-none-eabi/lib/thumb/v6-m/nofp/libg.a(libc_a-atexit.o)
 .comment       0x00000026       0x27 /usr/lib/gcc/arm-none-eabi/13.2.1/../../../arm-none-eabi/lib/thumb/v6-m/nofp/libg.a(libc_a-strlen-stub.o)
 .comment       0x00000026       0x27 /usr/lib/gcc/arm-none-eabi/13.2.1/../../../arm-none-eabi/lib/thumb/v6-m/nofp/libg.a(libc_a-fini.o)
 .comment       0x00000026       0x27 /usr/lib/gcc/arm-none-eabi/13.2.1/../../../arm-none-eabi/lib/thumb/v6-m/nofp/libg.a(libc_a-__atexit.o)
 .comment       0x00000026       0x27 /usr/lib/gcc/arm-none-eabi/13.2.1/../../../arm-none-eabi/lib/thumb/v6-m/nofp/libg.a(libc_a-__call_atexit.o)
 .comment       0x00000026       0x27 /usr/lib/gcc/arm-none-eabi/13.2.1/thumb/v6-m/nofp/crtend.o

.debug_info     0x00000000    0x241e2
 .debug_info    0x00000000     0x2597 CMakeFiles/dummy.dir/dummy.c.o
 .debug_info    0x00002597     0x23f9 CMakeFiles/dummy.dir/home/kiso/Documents/raspberrypi/pico-sdk/src/rp2_common/hardware_gpio/gpio.c.o
 .debug_info    0x00004990      0x1bf CMakeFiles/dummy.dir/home/kiso/Documents/raspberrypi/pico-sdk/src/rp2_common/pico_platform_panic/panic.c.o
 .debug_info    0x00004b4f      0x985 CMakeFiles/dummy.dir/home/kiso/Documents/raspberrypi/pico-sdk/src/common/hardware_claim/claim.c.o
 .debug_info    0x000054d4      0x440 CMakeFiles/dummy.dir/home/kiso/Documents/raspberrypi/pico-sdk/src/rp2_common/hardware_sync/sync.c.o
 .debug_info    0x00005914      0x239 CMakeFiles/dummy.dir/home/kiso/Documents/raspberrypi/pico-sdk/src/rp2_common/hardware_sync_spin_lock/sync_spin_lock.c.o
 .debug_info    0x00005b4d     0x21e9 CMakeFiles/dummy.dir/home/kiso/Documents/raspberrypi/pico-sdk/src/rp2_common/hardware_irq/irq.c.o
 .debug_info    0x00007d36      0x153 CMakeFiles/dummy.dir/home/kiso/Documents/raspberrypi/pico-sdk/src/common/pico_sync/lock_core.c.o
 .debug_info    0x00007e89     0x27e9 CMakeFiles/dummy.dir/home/kiso/Documents/raspberrypi/pico-sdk/src/common/pico_sync/mutex.c.o
 .debug_info    0x0000a672     0x484f CMakeFiles/dummy.dir/home/kiso/Documents/raspberrypi/pico-sdk/src/common/pico_time/time.c.o
 .debug_info    0x0000eec1     0x2afb CMakeFiles/dummy.dir/home/kiso/Documents/raspberrypi/pico-sdk/src/rp2_common/hardware_timer/timer.c.o
 .debug_info    0x000119bc     0x195f CMakeFiles/dummy.dir/home/kiso/Documents/raspberrypi/pico-sdk/src/rp2_common/hardware_uart/uart.c.o
 .debug_info    0x0001331b     0x2992 CMakeFiles/dummy.dir/home/kiso/Documents/raspberrypi/pico-sdk/src/rp2_common/hardware_clocks/clocks.c.o
 .debug_info    0x00015cad      0x4cd CMakeFiles/dummy.dir/home/kiso/Documents/raspberrypi/pico-sdk/src/rp2_common/hardware_pll/pll.c.o
 .debug_info    0x0001617a      0x230 CMakeFiles/dummy.dir/home/kiso/Documents/raspberrypi/pico-sdk/src/rp2_common/hardware_ticks/ticks.c.o
 .debug_info    0x000163aa      0x654 CMakeFiles/dummy.dir/home/kiso/Documents/raspberrypi/pico-sdk/src/rp2_common/pico_bootrom/bootrom.c.o
 .debug_info    0x000169fe      0x1b8 CMakeFiles/dummy.dir/home/kiso/Documents/raspberrypi/pico-sdk/src/rp2_common/hardware_xosc/xosc.c.o
 .debug_info    0x00016bb6      0x20e CMakeFiles/dummy.dir/home/kiso/Documents/raspberrypi/pico-sdk/src/rp2_common/pico_runtime/runtime.c.o
 .debug_info    0x00016dc4      0x7d2 CMakeFiles/dummy.dir/home/kiso/Documents/raspberrypi/pico-sdk/src/rp2_common/pico_runtime_init/runtime_init.c.o
 .debug_info    0x00017596      0x768 CMakeFiles/dummy.dir/home/kiso/Documents/raspberrypi/pico-sdk/src/rp2_common/pico_runtime_init/runtime_init_clocks.c.o
 .debug_info    0x00017cfe       0x23 CMakeFiles/dummy.dir/home/kiso/Documents/raspberrypi/pico-sdk/src/rp2_common/pico_bit_ops/bit_ops_aeabi.S.o
 .debug_info    0x00017d21       0x23 CMakeFiles/dummy.dir/home/kiso/Documents/raspberrypi/pico-sdk/src/rp2_common/pico_divider/divider_hardware.S.o
 .debug_info    0x00017d44       0x23 CMakeFiles/dummy.dir/home/kiso/Documents/raspberrypi/pico-sdk/src/rp2_common/pico_double/double_aeabi_rp2040.S.o
 .debug_info    0x00017d67      0x2ac CMakeFiles/dummy.dir/home/kiso/Documents/raspberrypi/pico-sdk/src/rp2_common/pico_double/double_init_rom_rp2040.c.o
 .debug_info    0x00018013       0x24 CMakeFiles/dummy.dir/home/kiso/Documents/raspberrypi/pico-sdk/src/rp2_common/pico_double/double_v1_rom_shim_rp2040.S.o
 .debug_info    0x00018037       0x23 CMakeFiles/dummy.dir/home/kiso/Documents/raspberrypi/pico-sdk/src/rp2_common/pico_float/float_aeabi_rp2040.S.o
 .debug_info    0x0001805a      0x298 CMakeFiles/dummy.dir/home/kiso/Documents/raspberrypi/pico-sdk/src/rp2_common/pico_float/float_init_rom_rp2040.c.o
 .debug_info    0x000182f2      0x625 CMakeFiles/dummy.dir/home/kiso/Documents/raspberrypi/pico-sdk/src/rp2_common/pico_malloc/malloc.c.o
 .debug_info    0x00018917       0x23 CMakeFiles/dummy.dir/home/kiso/Documents/raspberrypi/pico-sdk/src/rp2_common/pico_mem_ops/mem_ops_aeabi.S.o
 .debug_info    0x0001893a      0x288 CMakeFiles/dummy.dir/home/kiso/Documents/raspberrypi/pico-sdk/src/rp2_common/pico_standard_binary_info/standard_binary_info.c.o
 .debug_info    0x00018bc2     0x2102 CMakeFiles/dummy.dir/home/kiso/Documents/raspberrypi/pico-sdk/src/rp2_common/pico_printf/printf.c.o
 .debug_info    0x0001acc4       0x23 CMakeFiles/dummy.dir/home/kiso/Documents/raspberrypi/pico-sdk/src/rp2_common/pico_crt0/crt0.S.o
 .debug_info    0x0001ace7      0xbbe CMakeFiles/dummy.dir/home/kiso/Documents/raspberrypi/pico-sdk/src/rp2_common/pico_clib_interface/newlib_interface.c.o
 .debug_info    0x0001b8a5     0x1cc5 CMakeFiles/dummy.dir/home/kiso/Documents/raspberrypi/pico-sdk/src/rp2_common/pico_stdio/stdio.c.o
 .debug_info    0x0001d56a     0x14dc CMakeFiles/dummy.dir/home/kiso/Documents/raspberrypi/pico-sdk/src/rp2_common/pico_stdio_uart/stdio_uart.c.o
 .debug_info    0x0001ea46     0x302b CMakeFiles/dummy.dir/home/kiso/Documents/raspberrypi/pico-sdk/src/rp2_common/hardware_pio/pio.c.o
 .debug_info    0x00021a71     0x1fb4 CMakeFiles/dummy.dir/home/kiso/Documents/raspberrypi/pico-sdk/src/rp2_common/pico_multicore/multicore.c.o
 .debug_info    0x00023a25       0x3c /usr/lib/gcc/arm-none-eabi/13.2.1/thumb/v6-m/nofp/libgcc.a(_dvmd_tls.o)
 .debug_info    0x00023a61      0x11e /usr/lib/gcc/arm-none-eabi/13.2.1/../../../arm-none-eabi/lib/thumb/v6-m/nofp/libg.a(libc_a-atexit.o)
 .debug_info    0x00023b7f       0xeb /usr/lib/gcc/arm-none-eabi/13.2.1/../../../arm-none-eabi/lib/thumb/v6-m/nofp/libg.a(libc_a-strlen-stub.o)
 .debug_info    0x00023c6a       0xf7 /usr/lib/gcc/arm-none-eabi/13.2.1/../../../arm-none-eabi/lib/thumb/v6-m/nofp/libg.a(libc_a-fini.o)
 .debug_info    0x00023d61      0x1fd /usr/lib/gcc/arm-none-eabi/13.2.1/../../../arm-none-eabi/lib/thumb/v6-m/nofp/libg.a(libc_a-__atexit.o)
 .debug_info    0x00023f5e      0x284 /usr/lib/gcc/arm-none-eabi/13.2.1/../../../arm-none-eabi/lib/thumb/v6-m/nofp/libg.a(libc_a-__call_atexit.o)

.debug_abbrev   0x00000000     0x680f
 .debug_abbrev  0x00000000      0x517 CMakeFiles/dummy.dir/dummy.c.o
 .debug_abbrev  0x00000517      0x4e4 CMakeFiles/dummy.dir/home/kiso/Documents/raspberrypi/pico-sdk/src/rp2_common/hardware_gpio/gpio.c.o
 .debug_abbrev  0x000009fb      0x12b CMakeFiles/dummy.dir/home/kiso/Documents/raspberrypi/pico-sdk/src/rp2_common/pico_platform_panic/panic.c.o
 .debug_abbrev  0x00000b26      0x326 CMakeFiles/dummy.dir/home/kiso/Documents/raspberrypi/pico-sdk/src/common/hardware_claim/claim.c.o
 .debug_abbrev  0x00000e4c      0x20d CMakeFiles/dummy.dir/home/kiso/Documents/raspberrypi/pico-sdk/src/rp2_common/hardware_sync/sync.c.o
 .debug_abbrev  0x00001059      0x1bb CMakeFiles/dummy.dir/home/kiso/Documents/raspberrypi/pico-sdk/src/rp2_common/hardware_sync_spin_lock/sync_spin_lock.c.o
 .debug_abbrev  0x00001214      0x600 CMakeFiles/dummy.dir/home/kiso/Documents/raspberrypi/pico-sdk/src/rp2_common/hardware_irq/irq.c.o
 .debug_abbrev  0x00001814       0xee CMakeFiles/dummy.dir/home/kiso/Documents/raspberrypi/pico-sdk/src/common/pico_sync/lock_core.c.o
 .debug_abbrev  0x00001902      0x489 CMakeFiles/dummy.dir/home/kiso/Documents/raspberrypi/pico-sdk/src/common/pico_sync/mutex.c.o
 .debug_abbrev  0x00001d8b      0x672 CMakeFiles/dummy.dir/home/kiso/Documents/raspberrypi/pico-sdk/src/common/pico_time/time.c.o
 .debug_abbrev  0x000023fd      0x4f2 CMakeFiles/dummy.dir/home/kiso/Documents/raspberrypi/pico-sdk/src/rp2_common/hardware_timer/timer.c.o
 .debug_abbrev  0x000028ef      0x365 CMakeFiles/dummy.dir/home/kiso/Documents/raspberrypi/pico-sdk/src/rp2_common/hardware_uart/uart.c.o
 .debug_abbrev  0x00002c54      0x4f7 CMakeFiles/dummy.dir/home/kiso/Documents/raspberrypi/pico-sdk/src/rp2_common/hardware_clocks/clocks.c.o
 .debug_abbrev  0x0000314b      0x1d2 CMakeFiles/dummy.dir/home/kiso/Documents/raspberrypi/pico-sdk/src/rp2_common/hardware_pll/pll.c.o
 .debug_abbrev  0x0000331d      0x145 CMakeFiles/dummy.dir/home/kiso/Documents/raspberrypi/pico-sdk/src/rp2_common/hardware_ticks/ticks.c.o
 .debug_abbrev  0x00003462      0x1bc CMakeFiles/dummy.dir/home/kiso/Documents/raspberrypi/pico-sdk/src/rp2_common/pico_bootrom/bootrom.c.o
 .debug_abbrev  0x0000361e      0x11d CMakeFiles/dummy.dir/home/kiso/Documents/raspberrypi/pico-sdk/src/rp2_common/hardware_xosc/xosc.c.o
 .debug_abbrev  0x0000373b      0x182 CMakeFiles/dummy.dir/home/kiso/Documents/raspberrypi/pico-sdk/src/rp2_common/pico_runtime/runtime.c.o
 .debug_abbrev  0x000038bd      0x26b CMakeFiles/dummy.dir/home/kiso/Documents/raspberrypi/pico-sdk/src/rp2_common/pico_runtime_init/runtime_init.c.o
 .debug_abbrev  0x00003b28      0x294 CMakeFiles/dummy.dir/home/kiso/Documents/raspberrypi/pico-sdk/src/rp2_common/pico_runtime_init/runtime_init_clocks.c.o
 .debug_abbrev  0x00003dbc       0x12 CMakeFiles/dummy.dir/home/kiso/Documents/raspberrypi/pico-sdk/src/rp2_common/pico_bit_ops/bit_ops_aeabi.S.o
 .debug_abbrev  0x00003dce       0x12 CMakeFiles/dummy.dir/home/kiso/Documents/raspberrypi/pico-sdk/src/rp2_common/pico_divider/divider_hardware.S.o
 .debug_abbrev  0x00003de0       0x12 CMakeFiles/dummy.dir/home/kiso/Documents/raspberrypi/pico-sdk/src/rp2_common/pico_double/double_aeabi_rp2040.S.o
 .debug_abbrev  0x00003df2      0x1bb CMakeFiles/dummy.dir/home/kiso/Documents/raspberrypi/pico-sdk/src/rp2_common/pico_double/double_init_rom_rp2040.c.o
 .debug_abbrev  0x00003fad       0x14 CMakeFiles/dummy.dir/home/kiso/Documents/raspberrypi/pico-sdk/src/rp2_common/pico_double/double_v1_rom_shim_rp2040.S.o
 .debug_abbrev  0x00003fc1       0x12 CMakeFiles/dummy.dir/home/kiso/Documents/raspberrypi/pico-sdk/src/rp2_common/pico_float/float_aeabi_rp2040.S.o
 .debug_abbrev  0x00003fd3      0x19e CMakeFiles/dummy.dir/home/kiso/Documents/raspberrypi/pico-sdk/src/rp2_common/pico_float/float_init_rom_rp2040.c.o
 .debug_abbrev  0x00004171      0x211 CMakeFiles/dummy.dir/home/kiso/Documents/raspberrypi/pico-sdk/src/rp2_common/pico_malloc/malloc.c.o
 .debug_abbrev  0x00004382       0x12 CMakeFiles/dummy.dir/home/kiso/Documents/raspberrypi/pico-sdk/src/rp2_common/pico_mem_ops/mem_ops_aeabi.S.o
 .debug_abbrev  0x00004394       0xb8 CMakeFiles/dummy.dir/home/kiso/Documents/raspberrypi/pico-sdk/src/rp2_common/pico_standard_binary_info/standard_binary_info.c.o
 .debug_abbrev  0x0000444c      0x525 CMakeFiles/dummy.dir/home/kiso/Documents/raspberrypi/pico-sdk/src/rp2_common/pico_printf/printf.c.o
 .debug_abbrev  0x00004971       0x12 CMakeFiles/dummy.dir/home/kiso/Documents/raspberrypi/pico-sdk/src/rp2_common/pico_crt0/crt0.S.o
 .debug_abbrev  0x00004983      0x352 CMakeFiles/dummy.dir/home/kiso/Documents/raspberrypi/pico-sdk/src/rp2_common/pico_clib_interface/newlib_interface.c.o
 .debug_abbrev  0x00004cd5      0x5eb CMakeFiles/dummy.dir/home/kiso/Documents/raspberrypi/pico-sdk/src/rp2_common/pico_stdio/stdio.c.o
 .debug_abbrev  0x000052c0      0x498 CMakeFiles/dummy.dir/home/kiso/Documents/raspberrypi/pico-sdk/src/rp2_common/pico_stdio_uart/stdio_uart.c.o
 .debug_abbrev  0x00005758      0x52c CMakeFiles/dummy.dir/home/kiso/Documents/raspberrypi/pico-sdk/src/rp2_common/hardware_pio/pio.c.o
 .debug_abbrev  0x00005c84      0x61d CMakeFiles/dummy.dir/home/kiso/Documents/raspberrypi/pico-sdk/src/rp2_common/pico_multicore/multicore.c.o
 .debug_abbrev  0x000062a1       0x26 /usr/lib/gcc/arm-none-eabi/13.2.1/thumb/v6-m/nofp/libgcc.a(_dvmd_tls.o)
 .debug_abbrev  0x000062c7       0xbe /usr/lib/gcc/arm-none-eabi/13.2.1/../../../arm-none-eabi/lib/thumb/v6-m/nofp/libg.a(libc_a-atexit.o)
 .debug_abbrev  0x00006385       0x90 /usr/lib/gcc/arm-none-eabi/13.2.1/../../../arm-none-eabi/lib/thumb/v6-m/nofp/libg.a(libc_a-strlen-stub.o)
 .debug_abbrev  0x00006415       0xc9 /usr/lib/gcc/arm-none-eabi/13.2.1/../../../arm-none-eabi/lib/thumb/v6-m/nofp/libg.a(libc_a-fini.o)
 .debug_abbrev  0x000064de      0x157 /usr/lib/gcc/arm-none-eabi/13.2.1/../../../arm-none-eabi/lib/thumb/v6-m/nofp/libg.a(libc_a-__atexit.o)
 .debug_abbrev  0x00006635      0x1da /usr/lib/gcc/arm-none-eabi/13.2.1/../../../arm-none-eabi/lib/thumb/v6-m/nofp/libg.a(libc_a-__call_atexit.o)

.debug_loclists
                0x00000000    0x143e2
 .debug_loclists
                0x00000000      0xcc1 CMakeFiles/dummy.dir/dummy.c.o
 .debug_loclists
                0x00000cc1     0x19c2 CMakeFiles/dummy.dir/home/kiso/Documents/raspberrypi/pico-sdk/src/rp2_common/hardware_gpio/gpio.c.o
 .debug_loclists
                0x00002683      0x36e CMakeFiles/dummy.dir/home/kiso/Documents/raspberrypi/pico-sdk/src/common/hardware_claim/claim.c.o
 .debug_loclists
                0x000029f1       0xf1 CMakeFiles/dummy.dir/home/kiso/Documents/raspberrypi/pico-sdk/src/rp2_common/hardware_sync/sync.c.o
 .debug_loclists
                0x00002ae2       0x7d CMakeFiles/dummy.dir/home/kiso/Documents/raspberrypi/pico-sdk/src/rp2_common/hardware_sync_spin_lock/sync_spin_lock.c.o
 .debug_loclists
                0x00002b5f     0x11bf CMakeFiles/dummy.dir/home/kiso/Documents/raspberrypi/pico-sdk/src/rp2_common/hardware_irq/irq.c.o
 .debug_loclists
                0x00003d1e       0x41 CMakeFiles/dummy.dir/home/kiso/Documents/raspberrypi/pico-sdk/src/common/pico_sync/lock_core.c.o
 .debug_loclists
                0x00003d5f      0xafa CMakeFiles/dummy.dir/home/kiso/Documents/raspberrypi/pico-sdk/src/common/pico_sync/mutex.c.o
 .debug_loclists
                0x00004859     0x24c9 CMakeFiles/dummy.dir/home/kiso/Documents/raspberrypi/pico-sdk/src/common/pico_time/time.c.o
 .debug_loclists
                0x00006d22     0x1a17 CMakeFiles/dummy.dir/home/kiso/Documents/raspberrypi/pico-sdk/src/rp2_common/hardware_timer/timer.c.o
 .debug_loclists
                0x00008739      0xc90 CMakeFiles/dummy.dir/home/kiso/Documents/raspberrypi/pico-sdk/src/rp2_common/hardware_uart/uart.c.o
 .debug_loclists
                0x000093c9     0x2ad7 CMakeFiles/dummy.dir/home/kiso/Documents/raspberrypi/pico-sdk/src/rp2_common/hardware_clocks/clocks.c.o
 .debug_loclists
                0x0000bea0      0x1e0 CMakeFiles/dummy.dir/home/kiso/Documents/raspberrypi/pico-sdk/src/rp2_common/hardware_pll/pll.c.o
 .debug_loclists
                0x0000c080       0x47 CMakeFiles/dummy.dir/home/kiso/Documents/raspberrypi/pico-sdk/src/rp2_common/hardware_ticks/ticks.c.o
 .debug_loclists
                0x0000c0c7      0x399 CMakeFiles/dummy.dir/home/kiso/Documents/raspberrypi/pico-sdk/src/rp2_common/pico_bootrom/bootrom.c.o
 .debug_loclists
                0x0000c460       0x48 CMakeFiles/dummy.dir/home/kiso/Documents/raspberrypi/pico-sdk/src/rp2_common/hardware_xosc/xosc.c.o
 .debug_loclists
                0x0000c4a8       0x7e CMakeFiles/dummy.dir/home/kiso/Documents/raspberrypi/pico-sdk/src/rp2_common/pico_runtime/runtime.c.o
 .debug_loclists
                0x0000c526      0x139 CMakeFiles/dummy.dir/home/kiso/Documents/raspberrypi/pico-sdk/src/rp2_common/pico_runtime_init/runtime_init.c.o
 .debug_loclists
                0x0000c65f       0x74 CMakeFiles/dummy.dir/home/kiso/Documents/raspberrypi/pico-sdk/src/rp2_common/pico_runtime_init/runtime_init_clocks.c.o
 .debug_loclists
                0x0000c6d3       0x35 CMakeFiles/dummy.dir/home/kiso/Documents/raspberrypi/pico-sdk/src/rp2_common/pico_double/double_init_rom_rp2040.c.o
 .debug_loclists
                0x0000c708       0x4e CMakeFiles/dummy.dir/home/kiso/Documents/raspberrypi/pico-sdk/src/rp2_common/pico_float/float_init_rom_rp2040.c.o
 .debug_loclists
                0x0000c756      0x289 CMakeFiles/dummy.dir/home/kiso/Documents/raspberrypi/pico-sdk/src/rp2_common/pico_malloc/malloc.c.o
 .debug_loclists
                0x0000c9df     0x2f65 CMakeFiles/dummy.dir/home/kiso/Documents/raspberrypi/pico-sdk/src/rp2_common/pico_printf/printf.c.o
 .debug_loclists
                0x0000f944      0x44e CMakeFiles/dummy.dir/home/kiso/Documents/raspberrypi/pico-sdk/src/rp2_common/pico_clib_interface/newlib_interface.c.o
 .debug_loclists
                0x0000fd92      0xeab CMakeFiles/dummy.dir/home/kiso/Documents/raspberrypi/pico-sdk/src/rp2_common/pico_stdio/stdio.c.o
 .debug_loclists
                0x00010c3d      0x754 CMakeFiles/dummy.dir/home/kiso/Documents/raspberrypi/pico-sdk/src/rp2_common/pico_stdio_uart/stdio_uart.c.o
 .debug_loclists
                0x00011391     0x2171 CMakeFiles/dummy.dir/home/kiso/Documents/raspberrypi/pico-sdk/src/rp2_common/hardware_pio/pio.c.o
 .debug_loclists
                0x00013502      0xc00 CMakeFiles/dummy.dir/home/kiso/Documents/raspberrypi/pico-sdk/src/rp2_common/pico_multicore/multicore.c.o
 .debug_loclists
                0x00014102       0x2b /usr/lib/gcc/arm-none-eabi/13.2.1/../../../arm-none-eabi/lib/thumb/v6-m/nofp/libg.a(libc_a-atexit.o)
 .debug_loclists
                0x0001412d       0x57 /usr/lib/gcc/arm-none-eabi/13.2.1/../../../arm-none-eabi/lib/thumb/v6-m/nofp/libg.a(libc_a-strlen-stub.o)
 .debug_loclists
                0x00014184       0x2c /usr/lib/gcc/arm-none-eabi/13.2.1/../../../arm-none-eabi/lib/thumb/v6-m/nofp/libg.a(libc_a-fini.o)
 .debug_loclists
                0x000141b0       0xff /usr/lib/gcc/arm-none-eabi/13.2.1/../../../arm-none-eabi/lib/thumb/v6-m/nofp/libg.a(libc_a-__atexit.o)
 .debug_loclists
                0x000142af      0x133 /usr/lib/gcc/arm-none-eabi/13.2.1/../../../arm-none-eabi/lib/thumb/v6-m/nofp/libg.a(libc_a-__call_atexit.o)

.debug_aranges  0x00000000     0x10e0
 .debug_aranges
                0x00000000       0x40 CMakeFiles/dummy.dir/dummy.c.o
 .debug_aranges
                0x00000040      0x118 CMakeFiles/dummy.dir/home/kiso/Documents/raspberrypi/pico-sdk/src/rp2_common/hardware_gpio/gpio.c.o
 .debug_aranges
                0x00000158       0x28 CMakeFiles/dummy.dir/home/kiso/Documents/raspberrypi/pico-sdk/src/rp2_common/pico_platform_panic/panic.c.o
 .debug_aranges
                0x00000180       0x48 CMakeFiles/dummy.dir/home/kiso/Documents/raspberrypi/pico-sdk/src/common/hardware_claim/claim.c.o
 .debug_aranges
                0x000001c8       0x48 CMakeFiles/dummy.dir/home/kiso/Documents/raspberrypi/pico-sdk/src/rp2_common/hardware_sync/sync.c.o
 .debug_aranges
                0x00000210       0x28 CMakeFiles/dummy.dir/home/kiso/Documents/raspberrypi/pico-sdk/src/rp2_common/hardware_sync_spin_lock/sync_spin_lock.c.o
 .debug_aranges
                0x00000238       0xb8 CMakeFiles/dummy.dir/home/kiso/Documents/raspberrypi/pico-sdk/src/rp2_common/hardware_irq/irq.c.o
 .debug_aranges
                0x000002f0       0x20 CMakeFiles/dummy.dir/home/kiso/Documents/raspberrypi/pico-sdk/src/common/pico_sync/lock_core.c.o
 .debug_aranges
                0x00000310       0x98 CMakeFiles/dummy.dir/home/kiso/Documents/raspberrypi/pico-sdk/src/common/pico_sync/mutex.c.o
 .debug_aranges
                0x000003a8       0xe0 CMakeFiles/dummy.dir/home/kiso/Documents/raspberrypi/pico-sdk/src/common/pico_time/time.c.o
 .debug_aranges
                0x00000488       0xf0 CMakeFiles/dummy.dir/home/kiso/Documents/raspberrypi/pico-sdk/src/rp2_common/hardware_timer/timer.c.o
 .debug_aranges
                0x00000578       0x58 CMakeFiles/dummy.dir/home/kiso/Documents/raspberrypi/pico-sdk/src/rp2_common/hardware_uart/uart.c.o
 .debug_aranges
                0x000005d0       0x90 CMakeFiles/dummy.dir/home/kiso/Documents/raspberrypi/pico-sdk/src/rp2_common/hardware_clocks/clocks.c.o
 .debug_aranges
                0x00000660       0x28 CMakeFiles/dummy.dir/home/kiso/Documents/raspberrypi/pico-sdk/src/rp2_common/hardware_pll/pll.c.o
 .debug_aranges
                0x00000688       0x30 CMakeFiles/dummy.dir/home/kiso/Documents/raspberrypi/pico-sdk/src/rp2_common/hardware_ticks/ticks.c.o
 .debug_aranges
                0x000006b8       0x40 CMakeFiles/dummy.dir/home/kiso/Documents/raspberrypi/pico-sdk/src/rp2_common/pico_bootrom/bootrom.c.o
 .debug_aranges
                0x000006f8       0x30 CMakeFiles/dummy.dir/home/kiso/Documents/raspberrypi/pico-sdk/src/rp2_common/hardware_xosc/xosc.c.o
 .debug_aranges
                0x00000728       0x38 CMakeFiles/dummy.dir/home/kiso/Documents/raspberrypi/pico-sdk/src/rp2_common/pico_runtime/runtime.c.o
 .debug_aranges
                0x00000760       0x48 CMakeFiles/dummy.dir/home/kiso/Documents/raspberrypi/pico-sdk/src/rp2_common/pico_runtime_init/runtime_init.c.o
 .debug_aranges
                0x000007a8       0x20 CMakeFiles/dummy.dir/home/kiso/Documents/raspberrypi/pico-sdk/src/rp2_common/pico_runtime_init/runtime_init_clocks.c.o
 .debug_aranges
                0x000007c8       0x60 CMakeFiles/dummy.dir/home/kiso/Documents/raspberrypi/pico-sdk/src/rp2_common/pico_bit_ops/bit_ops_aeabi.S.o
 .debug_aranges
                0x00000828       0x40 CMakeFiles/dummy.dir/home/kiso/Documents/raspberrypi/pico-sdk/src/rp2_common/pico_divider/divider_hardware.S.o
 .debug_aranges
                0x00000868      0x150 CMakeFiles/dummy.dir/home/kiso/Documents/raspberrypi/pico-sdk/src/rp2_common/pico_double/double_aeabi_rp2040.S.o
 .debug_aranges
                0x000009b8       0x28 CMakeFiles/dummy.dir/home/kiso/Documents/raspberrypi/pico-sdk/src/rp2_common/pico_double/double_init_rom_rp2040.c.o
 .debug_aranges
                0x000009e0       0x20 CMakeFiles/dummy.dir/home/kiso/Documents/raspberrypi/pico-sdk/src/rp2_common/pico_double/double_v1_rom_shim_rp2040.S.o
 .debug_aranges
                0x00000a00      0x138 CMakeFiles/dummy.dir/home/kiso/Documents/raspberrypi/pico-sdk/src/rp2_common/pico_float/float_aeabi_rp2040.S.o
 .debug_aranges
                0x00000b38       0x28 CMakeFiles/dummy.dir/home/kiso/Documents/raspberrypi/pico-sdk/src/rp2_common/pico_float/float_init_rom_rp2040.c.o
 .debug_aranges
                0x00000b60       0x38 CMakeFiles/dummy.dir/home/kiso/Documents/raspberrypi/pico-sdk/src/rp2_common/pico_malloc/malloc.c.o
 .debug_aranges
                0x00000b98       0x38 CMakeFiles/dummy.dir/home/kiso/Documents/raspberrypi/pico-sdk/src/rp2_common/pico_mem_ops/mem_ops_aeabi.S.o
 .debug_aranges
                0x00000bd0       0x18 CMakeFiles/dummy.dir/home/kiso/Documents/raspberrypi/pico-sdk/src/rp2_common/pico_standard_binary_info/standard_binary_info.c.o
 .debug_aranges
                0x00000be8       0x90 CMakeFiles/dummy.dir/home/kiso/Documents/raspberrypi/pico-sdk/src/rp2_common/pico_printf/printf.c.o
 .debug_aranges
                0x00000c78       0x28 CMakeFiles/dummy.dir/home/kiso/Documents/raspberrypi/pico-sdk/src/rp2_common/pico_crt0/crt0.S.o
 .debug_aranges
                0x00000ca0       0xa8 CMakeFiles/dummy.dir/home/kiso/Documents/raspberrypi/pico-sdk/src/rp2_common/pico_clib_interface/newlib_interface.c.o
 .debug_aranges
                0x00000d48       0xc8 CMakeFiles/dummy.dir/home/kiso/Documents/raspberrypi/pico-sdk/src/rp2_common/pico_stdio/stdio.c.o
 .debug_aranges
                0x00000e10       0x80 CMakeFiles/dummy.dir/home/kiso/Documents/raspberrypi/pico-sdk/src/rp2_common/pico_stdio_uart/stdio_uart.c.o
 .debug_aranges
                0x00000e90       0xd8 CMakeFiles/dummy.dir/home/kiso/Documents/raspberrypi/pico-sdk/src/rp2_common/hardware_pio/pio.c.o
 .debug_aranges
                0x00000f68       0xb0 CMakeFiles/dummy.dir/home/kiso/Documents/raspberrypi/pico-sdk/src/rp2_common/pico_multicore/multicore.c.o
 .debug_aranges
                0x00001018       0x20 /usr/lib/gcc/arm-none-eabi/13.2.1/thumb/v6-m/nofp/libgcc.a(_dvmd_tls.o)
 .debug_aranges
                0x00001038       0x20 /usr/lib/gcc/arm-none-eabi/13.2.1/../../../arm-none-eabi/lib/thumb/v6-m/nofp/libg.a(libc_a-atexit.o)
 .debug_aranges
                0x00001058       0x20 /usr/lib/gcc/arm-none-eabi/13.2.1/../../../arm-none-eabi/lib/thumb/v6-m/nofp/libg.a(libc_a-strlen-stub.o)
 .debug_aranges
                0x00001078       0x20 /usr/lib/gcc/arm-none-eabi/13.2.1/../../../arm-none-eabi/lib/thumb/v6-m/nofp/libg.a(libc_a-fini.o)
 .debug_aranges
                0x00001098       0x20 /usr/lib/gcc/arm-none-eabi/13.2.1/../../../arm-none-eabi/lib/thumb/v6-m/nofp/libg.a(libc_a-__atexit.o)
 .debug_aranges
                0x000010b8       0x28 /usr/lib/gcc/arm-none-eabi/13.2.1/../../../arm-none-eabi/lib/thumb/v6-m/nofp/libg.a(libc_a-__call_atexit.o)

.debug_rnglists
                0x00000000     0x37c3
 .debug_rnglists
                0x00000000      0x2fd CMakeFiles/dummy.dir/dummy.c.o
 .debug_rnglists
                0x000002fd      0x5c1 CMakeFiles/dummy.dir/home/kiso/Documents/raspberrypi/pico-sdk/src/rp2_common/hardware_gpio/gpio.c.o
 .debug_rnglists
                0x000008be       0x19 CMakeFiles/dummy.dir/home/kiso/Documents/raspberrypi/pico-sdk/src/rp2_common/pico_platform_panic/panic.c.o
 .debug_rnglists
                0x000008d7       0xc5 CMakeFiles/dummy.dir/home/kiso/Documents/raspberrypi/pico-sdk/src/common/hardware_claim/claim.c.o
 .debug_rnglists
                0x0000099c       0x67 CMakeFiles/dummy.dir/home/kiso/Documents/raspberrypi/pico-sdk/src/rp2_common/hardware_sync/sync.c.o
 .debug_rnglists
                0x00000a03       0x3d CMakeFiles/dummy.dir/home/kiso/Documents/raspberrypi/pico-sdk/src/rp2_common/hardware_sync_spin_lock/sync_spin_lock.c.o
 .debug_rnglists
                0x00000a40      0x376 CMakeFiles/dummy.dir/home/kiso/Documents/raspberrypi/pico-sdk/src/rp2_common/hardware_irq/irq.c.o
 .debug_rnglists
                0x00000db6       0x1f CMakeFiles/dummy.dir/home/kiso/Documents/raspberrypi/pico-sdk/src/common/pico_sync/lock_core.c.o
 .debug_rnglists
                0x00000dd5      0x32c CMakeFiles/dummy.dir/home/kiso/Documents/raspberrypi/pico-sdk/src/common/pico_sync/mutex.c.o
 .debug_rnglists
                0x00001101      0x72a CMakeFiles/dummy.dir/home/kiso/Documents/raspberrypi/pico-sdk/src/common/pico_time/time.c.o
 .debug_rnglists